<?xml version="1.0" encoding="UTF-8"?>
<TestRun id="231cf2f1-029b-4c29-8094-a192c79916e5" name="aggeorgiev@AGGEORGIEV 2011-08-09 13:39:18" runUser="TELERIK\aggeorgiev" xmlns="http://microsoft.com/schemas/VisualStudio/TeamTest/2010">
  <TestSettings name="Default Test Settings" id="bd0076b8-1800-4c31-91e8-771a96167774">
    <Execution>
      <TestTypeSpecific />
      <AgentRule name="Execution Agents">
      </AgentRule>
    </Execution>
    <Deployment runDeploymentRoot="aggeorgiev_AGGEORGIEV 2011-08-09 13_39_18" />
  </TestSettings>
  <Times creation="2011-08-09T13:39:18.8072386+03:00" queuing="2011-08-09T13:39:19.2202799+03:00" start="2011-08-09T13:39:19.2942873+03:00" finish="2011-08-09T13:40:44.7648335+03:00" />
  <ResultSummary outcome="Aborted">
    <Counters total="11" executed="8" error="0" failed="0" timeout="0" aborted="1" inconclusive="0" passedButRunAborted="7" notRunnable="0" notExecuted="3" disconnected="0" warning="0" passed="0" completed="0" inProgress="0" pending="0" />
  </ResultSummary>
  <TestDefinitions>
    <WebAiiTest name="SelectRowSingle" storage="c:\work\github\kendo\functional-tests\kendodemostests\uiwidgets\grid\selection\selectrowsingle.tstest" priority="0" id="891ffcdc-fd2e-4e7e-8a8c-b0d9744bb0b9" xmlns="http://artoftest.com/schemas/WebAiiDesignCanvas/1.0.0">
      <Description xmlns="http://microsoft.com/schemas/VisualStudio/TeamTest/2010">WebAii Testcase</Description>
      <DeploymentItems xmlns="http://microsoft.com/schemas/VisualStudio/TeamTest/2010">
        <DeploymentItem filename="..\..\..\bin\Debug\KendoDemosTests.dll" />
      </DeploymentItems>
      <Execution id="6efacd01-79f7-4b82-84db-2fee47ab64e2" xmlns="http://microsoft.com/schemas/VisualStudio/TeamTest/2010" />
    </WebAiiTest>
    <WebAiiTest name="ChangeValueInput" storage="c:\work\github\kendo\functional-tests\kendodemostests\uiwidgets\combobox\basicusage\changevalueinput.tstest" priority="0" id="f1b99097-ab32-4274-a4a5-8d03fb4b4c6f" xmlns="http://artoftest.com/schemas/WebAiiDesignCanvas/1.0.0">
      <Description xmlns="http://microsoft.com/schemas/VisualStudio/TeamTest/2010">WebAii Testcase</Description>
      <DeploymentItems xmlns="http://microsoft.com/schemas/VisualStudio/TeamTest/2010">
        <DeploymentItem filename="..\..\..\bin\Debug\KendoDemosTests.dll" />
      </DeploymentItems>
      <Execution id="1abb19cd-8d04-47a6-882f-6dee5729bb82" xmlns="http://microsoft.com/schemas/VisualStudio/TeamTest/2010" />
    </WebAiiTest>
    <WebAiiTest name="Events" storage="c:\work\github\kendo\functional-tests\kendodemostests\uiwidgets\grid\events\events.tstest" priority="0" id="4ddbacf3-93f2-40ae-9f01-610c591d49b6" xmlns="http://artoftest.com/schemas/WebAiiDesignCanvas/1.0.0">
      <Description xmlns="http://microsoft.com/schemas/VisualStudio/TeamTest/2010">WebAii Testcase</Description>
      <DeploymentItems xmlns="http://microsoft.com/schemas/VisualStudio/TeamTest/2010">
        <DeploymentItem filename="..\..\..\bin\Debug\KendoDemosTests.dll" />
      </DeploymentItems>
      <Execution id="2a43acc2-e92b-4c0d-a43c-4d92432b5e79" xmlns="http://microsoft.com/schemas/VisualStudio/TeamTest/2010" />
    </WebAiiTest>
    <WebAiiTest name="SortFirstNameAndPage" storage="c:\work\github\kendo\functional-tests\kendodemostests\uiwidgets\grid\basicusage\sortfirstnameandpage.tstest" priority="0" id="1b641c32-14b2-4d44-b84a-7772389dbed8" xmlns="http://artoftest.com/schemas/WebAiiDesignCanvas/1.0.0">
      <Description xmlns="http://microsoft.com/schemas/VisualStudio/TeamTest/2010">WebAii Testcase</Description>
      <DeploymentItems xmlns="http://microsoft.com/schemas/VisualStudio/TeamTest/2010">
        <DeploymentItem filename="..\..\..\bin\Debug\KendoDemosTests.dll" />
      </DeploymentItems>
      <Execution id="5c474741-0f10-43a3-830d-21c9ffb857d7" xmlns="http://microsoft.com/schemas/VisualStudio/TeamTest/2010" />
    </WebAiiTest>
    <WebAiiTest name="SelectOption" storage="c:\work\github\kendo\functional-tests\kendodemostests\uiwidgets\autocomplete\basicusage\selectoption.tstest" priority="0" id="8b54f401-eab7-44c8-8634-d7ce8bb137a8" xmlns="http://artoftest.com/schemas/WebAiiDesignCanvas/1.0.0">
      <Description xmlns="http://microsoft.com/schemas/VisualStudio/TeamTest/2010">WebAii Testcase</Description>
      <DeploymentItems xmlns="http://microsoft.com/schemas/VisualStudio/TeamTest/2010">
        <DeploymentItem filename="..\..\..\bin\Debug\KendoDemosTests.dll" />
      </DeploymentItems>
      <Execution id="5ec88051-e9bb-4465-ab01-513ca19365dd" xmlns="http://microsoft.com/schemas/VisualStudio/TeamTest/2010" />
    </WebAiiTest>
    <WebAiiTest name="GroupByAge" storage="c:\work\github\kendo\functional-tests\kendodemostests\uiwidgets\grid\basicusage\groupbyage.tstest" priority="0" id="2a2681b2-602e-4af3-be55-b8516bc81e80" xmlns="http://artoftest.com/schemas/WebAiiDesignCanvas/1.0.0">
      <Description xmlns="http://microsoft.com/schemas/VisualStudio/TeamTest/2010">WebAii Testcase</Description>
      <DeploymentItems xmlns="http://microsoft.com/schemas/VisualStudio/TeamTest/2010">
        <DeploymentItem filename="..\..\..\bin\Debug\KendoDemosTests.dll" />
      </DeploymentItems>
      <Execution id="1ed00439-ef91-44b4-87b4-0d5f40efb5d2" xmlns="http://microsoft.com/schemas/VisualStudio/TeamTest/2010" />
    </WebAiiTest>
    <WebAiiTest name="SelectMultipleCells" storage="c:\work\github\kendo\functional-tests\kendodemostests\uiwidgets\grid\selection\selectmultiplecells.tstest" priority="0" id="e94e4d47-b502-4a0f-955f-42848b91e78f" xmlns="http://artoftest.com/schemas/WebAiiDesignCanvas/1.0.0">
      <Description xmlns="http://microsoft.com/schemas/VisualStudio/TeamTest/2010">WebAii Testcase</Description>
      <DeploymentItems xmlns="http://microsoft.com/schemas/VisualStudio/TeamTest/2010">
        <DeploymentItem filename="..\..\..\bin\Debug\KendoDemosTests.dll" />
      </DeploymentItems>
      <Execution id="96c28aaf-fb06-4ee2-9def-9435e2d91db3" xmlns="http://microsoft.com/schemas/VisualStudio/TeamTest/2010" />
    </WebAiiTest>
    <WebAiiTest name="OpenClose" storage="c:\work\github\kendo\functional-tests\kendodemostests\uiwidgets\menu\basicusage\openclose.tstest" priority="0" id="91020c93-1d6d-4fb3-9dae-01e50187ada4" xmlns="http://artoftest.com/schemas/WebAiiDesignCanvas/1.0.0">
      <Description xmlns="http://microsoft.com/schemas/VisualStudio/TeamTest/2010">WebAii Testcase</Description>
      <DeploymentItems xmlns="http://microsoft.com/schemas/VisualStudio/TeamTest/2010">
        <DeploymentItem filename="..\..\..\bin\Debug\KendoDemosTests.dll" />
      </DeploymentItems>
      <Execution id="9a4c098d-ceee-41f2-a9b0-7a230dc1c952" xmlns="http://microsoft.com/schemas/VisualStudio/TeamTest/2010" />
    </WebAiiTest>
    <WebAiiTest name="SetTwoValuesRevertToBlank" storage="c:\work\github\kendo\functional-tests\kendodemostests\uiwidgets\autocomplete\basicusage\settwovaluesreverttoblank.tstest" priority="0" id="e297cdda-5608-4e27-ae19-fbf10e3a834f" xmlns="http://artoftest.com/schemas/WebAiiDesignCanvas/1.0.0">
      <Description xmlns="http://microsoft.com/schemas/VisualStudio/TeamTest/2010">WebAii Testcase</Description>
      <DeploymentItems xmlns="http://microsoft.com/schemas/VisualStudio/TeamTest/2010">
        <DeploymentItem filename="..\..\..\bin\Debug\KendoDemosTests.dll" />
      </DeploymentItems>
      <Execution id="7c21b3ce-c0e0-4572-bb08-0943932df38a" xmlns="http://microsoft.com/schemas/VisualStudio/TeamTest/2010" />
    </WebAiiTest>
    <WebAiiTest name="SelectMultipleRows" storage="c:\work\github\kendo\functional-tests\kendodemostests\uiwidgets\grid\selection\selectmultiplerows.tstest" priority="0" id="fd75ef59-b0f9-4557-af4a-a84cb018806e" xmlns="http://artoftest.com/schemas/WebAiiDesignCanvas/1.0.0">
      <Description xmlns="http://microsoft.com/schemas/VisualStudio/TeamTest/2010">WebAii Testcase</Description>
      <DeploymentItems xmlns="http://microsoft.com/schemas/VisualStudio/TeamTest/2010">
        <DeploymentItem filename="..\..\..\bin\Debug\KendoDemosTests.dll" />
      </DeploymentItems>
      <Execution id="4d1a6fda-76f6-4864-90b0-1c9a89f36bca" xmlns="http://microsoft.com/schemas/VisualStudio/TeamTest/2010" />
    </WebAiiTest>
    <WebAiiTest name="ChangeValueKeyboardSelect" storage="c:\work\github\kendo\functional-tests\kendodemostests\uiwidgets\combobox\basicusage\changevaluekeyboardselect.tstest" priority="0" id="5ac7f1c9-d81b-47eb-af1c-2bd95254b5c6" xmlns="http://artoftest.com/schemas/WebAiiDesignCanvas/1.0.0">
      <Description xmlns="http://microsoft.com/schemas/VisualStudio/TeamTest/2010">WebAii Testcase</Description>
      <DeploymentItems xmlns="http://microsoft.com/schemas/VisualStudio/TeamTest/2010">
        <DeploymentItem filename="..\..\..\bin\Debug\KendoDemosTests.dll" />
      </DeploymentItems>
      <Execution id="835d74d4-30c2-48c4-ac81-bd286c37ddf2" xmlns="http://microsoft.com/schemas/VisualStudio/TeamTest/2010" />
    </WebAiiTest>
  </TestDefinitions>
  <TestLists>
    <TestList name="Results Not in a List" id="8c84fa94-04c1-424b-9868-57a2d4851a1d" />
    <TestList name="All Loaded Results" id="19431567-8539-422a-85d7-44ee4e166bda" />
  </TestLists>
  <TestEntries>
    <TestEntry testId="1b641c32-14b2-4d44-b84a-7772389dbed8" executionId="5c474741-0f10-43a3-830d-21c9ffb857d7" testListId="8c84fa94-04c1-424b-9868-57a2d4851a1d" />
    <TestEntry testId="2a2681b2-602e-4af3-be55-b8516bc81e80" executionId="1ed00439-ef91-44b4-87b4-0d5f40efb5d2" testListId="8c84fa94-04c1-424b-9868-57a2d4851a1d" />
    <TestEntry testId="4ddbacf3-93f2-40ae-9f01-610c591d49b6" executionId="2a43acc2-e92b-4c0d-a43c-4d92432b5e79" testListId="8c84fa94-04c1-424b-9868-57a2d4851a1d" />
    <TestEntry testId="5ac7f1c9-d81b-47eb-af1c-2bd95254b5c6" executionId="835d74d4-30c2-48c4-ac81-bd286c37ddf2" testListId="8c84fa94-04c1-424b-9868-57a2d4851a1d" />
    <TestEntry testId="891ffcdc-fd2e-4e7e-8a8c-b0d9744bb0b9" executionId="6efacd01-79f7-4b82-84db-2fee47ab64e2" testListId="8c84fa94-04c1-424b-9868-57a2d4851a1d" />
    <TestEntry testId="8b54f401-eab7-44c8-8634-d7ce8bb137a8" executionId="5ec88051-e9bb-4465-ab01-513ca19365dd" testListId="8c84fa94-04c1-424b-9868-57a2d4851a1d" />
    <TestEntry testId="91020c93-1d6d-4fb3-9dae-01e50187ada4" executionId="9a4c098d-ceee-41f2-a9b0-7a230dc1c952" testListId="8c84fa94-04c1-424b-9868-57a2d4851a1d" />
    <TestEntry testId="e297cdda-5608-4e27-ae19-fbf10e3a834f" executionId="7c21b3ce-c0e0-4572-bb08-0943932df38a" testListId="8c84fa94-04c1-424b-9868-57a2d4851a1d" />
    <TestEntry testId="e94e4d47-b502-4a0f-955f-42848b91e78f" executionId="96c28aaf-fb06-4ee2-9def-9435e2d91db3" testListId="8c84fa94-04c1-424b-9868-57a2d4851a1d" />
    <TestEntry testId="f1b99097-ab32-4274-a4a5-8d03fb4b4c6f" executionId="1abb19cd-8d04-47a6-882f-6dee5729bb82" testListId="8c84fa94-04c1-424b-9868-57a2d4851a1d" />
    <TestEntry testId="fd75ef59-b0f9-4557-af4a-a84cb018806e" executionId="4d1a6fda-76f6-4864-90b0-1c9a89f36bca" testListId="8c84fa94-04c1-424b-9868-57a2d4851a1d" />
  </TestEntries>
  <Results>
    <WebAiiTestResult executionId="5c474741-0f10-43a3-830d-21c9ffb857d7" testId="1b641c32-14b2-4d44-b84a-7772389dbed8" testName="SortFirstNameAndPage" computerName="AGGEORGIEV" duration="00:00:04.4537037" startTime="2011-08-09T13:39:19.2992878+03:00" endTime="2011-08-09T13:39:23.7527331+03:00" testType="c4241296-3c6e-46b1-bf92-e0bd3e0eb017" outcome="PassedButRunAborted" testListId="8c84fa94-04c1-424b-9868-57a2d4851a1d" relativeResultsDirectory="5c474741-0f10-43a3-830d-21c9ffb857d7" xmlns="http://artoftest.com/schemas/WebAiiDesignCanvas/1.0.0">
      <Output xmlns="http://microsoft.com/schemas/VisualStudio/TeamTest/2010">
        <ErrorInfo>
          <Message>Overall Result: Pass
------------------------------------------------------------
'8/9/2011 1:39:19 PM' - Starting execution....
------------------------------------------------------------
'8/9/2011 1:39:21 PM' - 'Pass' : 1. Navigate to : '/grid/index.html'
'8/9/2011 1:39:22 PM' - 'Pass' : 2. Click 'FirstNameLink'
'8/9/2011 1:39:22 PM' - 'Pass' : 3. Verify 'TextContent' 'Contains' 'Andrew' on 'AndrewTableCell'
'8/9/2011 1:39:22 PM' - 'Pass' : 4. Click 'x3Link'
'8/9/2011 1:39:22 PM' - 'Pass' : 5. Click 'x5Link'
'8/9/2011 1:39:22 PM' - 'Pass' : 6. Verify 'TextContent' 'Contains' 'Robert' on 'RobertTableCell'
------------------------------------------------------------
'8/9/2011 1:39:22 PM' - Overall Result: Pass
'8/9/2011 1:39:22 PM' - Duration: [0 min: 1 sec: 916 msec]
------------------------------------------------------------
'8/9/2011 1:39:22 PM' - Test completed!
</Message>
        </ErrorInfo>
      </Output>
      <WebAiiTestResult Type="ArtOfTest.WebAii.Design.Execution.TestResult" Version="2011.1.729.0" xmlns="">
        <TestId Type="System.String">1b641c32-14b2-4d44-b84a-7772389dbed8</TestId>
        <TestName Type="System.String">SortFirstNameAndPage</TestName>
        <TestPath Type="System.String">UIWidgets\Grid\BasicUsage\SortFirstNameAndPage.tstest</TestPath>
        <ProjectPath Type="System.String">
        </ProjectPath>
        <ResultType Type="ArtOfTest.Common.Design.ResultType">Pass</ResultType>
        <AutomationStepResults>
          <Item Type="ArtOfTest.WebAii.Design.AutomationStepResult" Version="2011.1.729.0">
            <ResultType Type="ArtOfTest.Common.Design.ResultType">Pass</ResultType>
            <StepDescription Type="System.String">Navigate to : '/grid/index.html'</StepDescription>
            <TestId Type="System.String">1b641c32-14b2-4d44-b84a-7772389dbed8</TestId>
            <TestName Type="System.String">SortFirstNameAndPage</TestName>
            <TestPath Type="System.String">UIWidgets\Grid\BasicUsage\SortFirstNameAndPage.tstest</TestPath>
            <TestStepNumber Type="System.Int32">0</TestStepNumber>
            <Order Type="System.Int32">1</Order>
            <LogMessageOnError Type="System.String">
            </LogMessageOnError>
          </Item>
          <Item Type="ArtOfTest.WebAii.Design.AutomationStepResult" Version="2011.1.729.0">
            <ResultType Type="ArtOfTest.Common.Design.ResultType">Pass</ResultType>
            <StepDescription Type="System.String">Click 'FirstNameLink'</StepDescription>
            <TestId Type="System.String">1b641c32-14b2-4d44-b84a-7772389dbed8</TestId>
            <TestName Type="System.String">SortFirstNameAndPage</TestName>
            <TestPath Type="System.String">UIWidgets\Grid\BasicUsage\SortFirstNameAndPage.tstest</TestPath>
            <TestStepNumber Type="System.Int32">1</TestStepNumber>
            <Order Type="System.Int32">2</Order>
            <LogMessageOnError Type="System.String">
            </LogMessageOnError>
          </Item>
          <Item Type="ArtOfTest.WebAii.Design.AutomationStepResult" Version="2011.1.729.0">
            <ResultType Type="ArtOfTest.Common.Design.ResultType">Pass</ResultType>
            <StepDescription Type="System.String">Verify 'TextContent' 'Contains' 'Andrew' on 'AndrewTableCell'</StepDescription>
            <TestId Type="System.String">1b641c32-14b2-4d44-b84a-7772389dbed8</TestId>
            <TestName Type="System.String">SortFirstNameAndPage</TestName>
            <TestPath Type="System.String">UIWidgets\Grid\BasicUsage\SortFirstNameAndPage.tstest</TestPath>
            <TestStepNumber Type="System.Int32">2</TestStepNumber>
            <Order Type="System.Int32">3</Order>
            <LogMessageOnError Type="System.String">
            </LogMessageOnError>
          </Item>
          <Item Type="ArtOfTest.WebAii.Design.AutomationStepResult" Version="2011.1.729.0">
            <ResultType Type="ArtOfTest.Common.Design.ResultType">Pass</ResultType>
            <StepDescription Type="System.String">Click 'x3Link'</StepDescription>
            <TestId Type="System.String">1b641c32-14b2-4d44-b84a-7772389dbed8</TestId>
            <TestName Type="System.String">SortFirstNameAndPage</TestName>
            <TestPath Type="System.String">UIWidgets\Grid\BasicUsage\SortFirstNameAndPage.tstest</TestPath>
            <TestStepNumber Type="System.Int32">3</TestStepNumber>
            <Order Type="System.Int32">4</Order>
            <LogMessageOnError Type="System.String">
            </LogMessageOnError>
          </Item>
          <Item Type="ArtOfTest.WebAii.Design.AutomationStepResult" Version="2011.1.729.0">
            <ResultType Type="ArtOfTest.Common.Design.ResultType">Pass</ResultType>
            <StepDescription Type="System.String">Click 'x5Link'</StepDescription>
            <TestId Type="System.String">1b641c32-14b2-4d44-b84a-7772389dbed8</TestId>
            <TestName Type="System.String">SortFirstNameAndPage</TestName>
            <TestPath Type="System.String">UIWidgets\Grid\BasicUsage\SortFirstNameAndPage.tstest</TestPath>
            <TestStepNumber Type="System.Int32">4</TestStepNumber>
            <Order Type="System.Int32">5</Order>
            <LogMessageOnError Type="System.String">
            </LogMessageOnError>
          </Item>
          <Item Type="ArtOfTest.WebAii.Design.AutomationStepResult" Version="2011.1.729.0">
            <ResultType Type="ArtOfTest.Common.Design.ResultType">Pass</ResultType>
            <StepDescription Type="System.String">Verify 'TextContent' 'Contains' 'Robert' on 'RobertTableCell'</StepDescription>
            <TestId Type="System.String">1b641c32-14b2-4d44-b84a-7772389dbed8</TestId>
            <TestName Type="System.String">SortFirstNameAndPage</TestName>
            <TestPath Type="System.String">UIWidgets\Grid\BasicUsage\SortFirstNameAndPage.tstest</TestPath>
            <TestStepNumber Type="System.Int32">5</TestStepNumber>
            <Order Type="System.Int32">6</Order>
            <LogMessageOnError Type="System.String">
            </LogMessageOnError>
          </Item>
        </AutomationStepResults>
        <NotRunStepDescriptions />
        <PerStepMessages Type="System.String">Overall Result: Pass
------------------------------------------------------------
'8/9/2011 1:39:19 PM' - Starting execution....
------------------------------------------------------------
'8/9/2011 1:39:21 PM' - 'Pass' : 1. Navigate to : '/grid/index.html'
'8/9/2011 1:39:22 PM' - 'Pass' : 2. Click 'FirstNameLink'
'8/9/2011 1:39:22 PM' - 'Pass' : 3. Verify 'TextContent' 'Contains' 'Andrew' on 'AndrewTableCell'
'8/9/2011 1:39:22 PM' - 'Pass' : 4. Click 'x3Link'
'8/9/2011 1:39:22 PM' - 'Pass' : 5. Click 'x5Link'
'8/9/2011 1:39:22 PM' - 'Pass' : 6. Verify 'TextContent' 'Contains' 'Robert' on 'RobertTableCell'
------------------------------------------------------------
'8/9/2011 1:39:22 PM' - Overall Result: Pass
'8/9/2011 1:39:22 PM' - Duration: [0 min: 1 sec: 916 msec]
------------------------------------------------------------
'8/9/2011 1:39:22 PM' - Test completed!
</PerStepMessages>
        <TotalNumberOfPassedSteps Type="System.Int32">6</TotalNumberOfPassedSteps>
        <ExecutingTestStepCount Type="System.Int32">6</ExecutingTestStepCount>
        <TotalNumberOfNotRunSteps Type="System.Int32">0</TotalNumberOfNotRunSteps>
        <IsDataDrivenResult Type="System.Boolean">False</IsDataDrivenResult>
        <SeparatorLineCharCount Type="System.Int32">60</SeparatorLineCharCount>
        <ExecutionType Type="ArtOfTest.Common.Design.ExecutionType">QuickExecution</ExecutionType>
        <EndTime Type="System.DateTime">2011-08-09 10:39:22Z</EndTime>
        <StarTime Type="System.DateTime">2011-08-09 10:39:20Z</StarTime>
        <DataIterationResults />
      </WebAiiTestResult>
    </WebAiiTestResult>
    <WebAiiTestResult executionId="1ed00439-ef91-44b4-87b4-0d5f40efb5d2" testId="2a2681b2-602e-4af3-be55-b8516bc81e80" testName="GroupByAge" computerName="AGGEORGIEV" duration="00:00:26.2179651" startTime="2011-08-09T13:39:23.7577336+03:00" endTime="2011-08-09T13:39:49.9763552+03:00" testType="c4241296-3c6e-46b1-bf92-e0bd3e0eb017" outcome="PassedButRunAborted" testListId="8c84fa94-04c1-424b-9868-57a2d4851a1d" relativeResultsDirectory="1ed00439-ef91-44b4-87b4-0d5f40efb5d2" xmlns="http://artoftest.com/schemas/WebAiiDesignCanvas/1.0.0">
      <Output xmlns="http://microsoft.com/schemas/VisualStudio/TeamTest/2010">
        <ErrorInfo>
          <Message>Overall Result: Pass
------------------------------------------------------------
'8/9/2011 1:39:23 PM' - Starting execution....
------------------------------------------------------------
'8/9/2011 1:39:25 PM' - 'Pass' : 1. Navigate to : '/grid/index.html'
'8/9/2011 1:39:28 PM' - 'Pass' : 2. Desktop command: Drag &amp; Drop AgeLink to Window Target
'8/9/2011 1:39:28 PM' - 'NotRun' : 3. Desktop command: Drag &amp; Drop AgeLink to Window Target
'8/9/2011 1:39:28 PM' - 'Pass' : 4. Click 'IndexHtmlLink'
'8/9/2011 1:39:28 PM' - 'Pass' : 5. Verify 'TextContent' 'Contains' 'Age: 45' on 'Age45PTag'
------------------------------------------------------------
'8/9/2011 1:39:28 PM' - Overall Result: Pass
'8/9/2011 1:39:28 PM' - Duration: [0 min: 3 sec: 402 msec]
------------------------------------------------------------
'8/9/2011 1:39:28 PM' - Test completed!
</Message>
        </ErrorInfo>
      </Output>
      <WebAiiTestResult Type="ArtOfTest.WebAii.Design.Execution.TestResult" Version="2011.1.729.0" xmlns="">
        <TestId Type="System.String">2a2681b2-602e-4af3-be55-b8516bc81e80</TestId>
        <TestName Type="System.String">GroupByAge</TestName>
        <TestPath Type="System.String">UIWidgets\Grid\BasicUsage\GroupByAge.tstest</TestPath>
        <ProjectPath Type="System.String">
        </ProjectPath>
        <ResultType Type="ArtOfTest.Common.Design.ResultType">Pass</ResultType>
        <AutomationStepResults>
          <Item Type="ArtOfTest.WebAii.Design.AutomationStepResult" Version="2011.1.729.0">
            <ResultType Type="ArtOfTest.Common.Design.ResultType">Pass</ResultType>
            <StepDescription Type="System.String">Navigate to : '/grid/index.html'</StepDescription>
            <TestId Type="System.String">2a2681b2-602e-4af3-be55-b8516bc81e80</TestId>
            <TestName Type="System.String">GroupByAge</TestName>
            <TestPath Type="System.String">UIWidgets\Grid\BasicUsage\GroupByAge.tstest</TestPath>
            <TestStepNumber Type="System.Int32">0</TestStepNumber>
            <Order Type="System.Int32">1</Order>
            <LogMessageOnError Type="System.String">
            </LogMessageOnError>
          </Item>
          <Item Type="ArtOfTest.WebAii.Design.AutomationStepResult" Version="2011.1.729.0">
            <ResultType Type="ArtOfTest.Common.Design.ResultType">Pass</ResultType>
            <StepDescription Type="System.String">Desktop command: Drag &amp; Drop AgeLink to Window Target</StepDescription>
            <TestId Type="System.String">2a2681b2-602e-4af3-be55-b8516bc81e80</TestId>
            <TestName Type="System.String">GroupByAge</TestName>
            <TestPath Type="System.String">UIWidgets\Grid\BasicUsage\GroupByAge.tstest</TestPath>
            <TestStepNumber Type="System.Int32">1</TestStepNumber>
            <Order Type="System.Int32">2</Order>
            <LogMessageOnError Type="System.String">
            </LogMessageOnError>
          </Item>
          <Item Type="ArtOfTest.WebAii.Design.AutomationStepResult" Version="2011.1.729.0">
            <ResultType Type="ArtOfTest.Common.Design.ResultType">NotRun</ResultType>
            <StepDescription Type="System.String">Desktop command: Drag &amp; Drop AgeLink to Window Target</StepDescription>
            <TestId Type="System.String">2a2681b2-602e-4af3-be55-b8516bc81e80</TestId>
            <TestName Type="System.String">GroupByAge</TestName>
            <TestPath Type="System.String">UIWidgets\Grid\BasicUsage\GroupByAge.tstest</TestPath>
            <TestStepNumber Type="System.Int32">2</TestStepNumber>
            <Order Type="System.Int32">3</Order>
            <LogMessageOnError Type="System.String">
            </LogMessageOnError>
          </Item>
          <Item Type="ArtOfTest.WebAii.Design.AutomationStepResult" Version="2011.1.729.0">
            <ResultType Type="ArtOfTest.Common.Design.ResultType">Pass</ResultType>
            <StepDescription Type="System.String">Click 'IndexHtmlLink'</StepDescription>
            <TestId Type="System.String">2a2681b2-602e-4af3-be55-b8516bc81e80</TestId>
            <TestName Type="System.String">GroupByAge</TestName>
            <TestPath Type="System.String">UIWidgets\Grid\BasicUsage\GroupByAge.tstest</TestPath>
            <TestStepNumber Type="System.Int32">3</TestStepNumber>
            <Order Type="System.Int32">4</Order>
            <LogMessageOnError Type="System.String">
            </LogMessageOnError>
          </Item>
          <Item Type="ArtOfTest.WebAii.Design.AutomationStepResult" Version="2011.1.729.0">
            <ResultType Type="ArtOfTest.Common.Design.ResultType">Pass</ResultType>
            <StepDescription Type="System.String">Verify 'TextContent' 'Contains' 'Age: 45' on 'Age45PTag'</StepDescription>
            <TestId Type="System.String">2a2681b2-602e-4af3-be55-b8516bc81e80</TestId>
            <TestName Type="System.String">GroupByAge</TestName>
            <TestPath Type="System.String">UIWidgets\Grid\BasicUsage\GroupByAge.tstest</TestPath>
            <TestStepNumber Type="System.Int32">4</TestStepNumber>
            <Order Type="System.Int32">5</Order>
            <LogMessageOnError Type="System.String">
            </LogMessageOnError>
          </Item>
        </AutomationStepResults>
        <NotRunStepDescriptions />
        <PerStepMessages Type="System.String">Overall Result: Pass
------------------------------------------------------------
'8/9/2011 1:39:23 PM' - Starting execution....
------------------------------------------------------------
'8/9/2011 1:39:25 PM' - 'Pass' : 1. Navigate to : '/grid/index.html'
'8/9/2011 1:39:28 PM' - 'Pass' : 2. Desktop command: Drag &amp; Drop AgeLink to Window Target
'8/9/2011 1:39:28 PM' - 'NotRun' : 3. Desktop command: Drag &amp; Drop AgeLink to Window Target
'8/9/2011 1:39:28 PM' - 'Pass' : 4. Click 'IndexHtmlLink'
'8/9/2011 1:39:28 PM' - 'Pass' : 5. Verify 'TextContent' 'Contains' 'Age: 45' on 'Age45PTag'
------------------------------------------------------------
'8/9/2011 1:39:28 PM' - Overall Result: Pass
'8/9/2011 1:39:28 PM' - Duration: [0 min: 3 sec: 402 msec]
------------------------------------------------------------
'8/9/2011 1:39:28 PM' - Test completed!
</PerStepMessages>
        <TotalNumberOfPassedSteps Type="System.Int32">4</TotalNumberOfPassedSteps>
        <ExecutingTestStepCount Type="System.Int32">4</ExecutingTestStepCount>
        <TotalNumberOfNotRunSteps Type="System.Int32">1</TotalNumberOfNotRunSteps>
        <IsDataDrivenResult Type="System.Boolean">False</IsDataDrivenResult>
        <SeparatorLineCharCount Type="System.Int32">60</SeparatorLineCharCount>
        <ExecutionType Type="ArtOfTest.Common.Design.ExecutionType">QuickExecution</ExecutionType>
        <EndTime Type="System.DateTime">2011-08-09 10:39:28Z</EndTime>
        <StarTime Type="System.DateTime">2011-08-09 10:39:25Z</StarTime>
        <DataIterationResults />
      </WebAiiTestResult>
    </WebAiiTestResult>
    <WebAiiTestResult executionId="2a43acc2-e92b-4c0d-a43c-4d92432b5e79" testId="4ddbacf3-93f2-40ae-9f01-610c591d49b6" testName="Events" computerName="AGGEORGIEV" duration="00:00:11.3866793" startTime="2011-08-09T13:39:49.9803556+03:00" endTime="2011-08-09T13:40:01.3674942+03:00" testType="c4241296-3c6e-46b1-bf92-e0bd3e0eb017" outcome="PassedButRunAborted" testListId="8c84fa94-04c1-424b-9868-57a2d4851a1d" relativeResultsDirectory="2a43acc2-e92b-4c0d-a43c-4d92432b5e79" xmlns="http://artoftest.com/schemas/WebAiiDesignCanvas/1.0.0">
      <Output xmlns="http://microsoft.com/schemas/VisualStudio/TeamTest/2010">
        <ErrorInfo>
          <Message>Overall Result: Pass
------------------------------------------------------------
'8/9/2011 1:39:50 PM' - Starting execution....
------------------------------------------------------------
'8/9/2011 1:39:52 PM' - 'Pass' : 1. Navigate to : 'http://aggeorgiev/kendo/live/grid/events.html'
'8/9/2011 1:39:52 PM' - 'Pass' : 2. Click 'NigeTableCell'
'8/9/2011 1:39:52 PM' - 'Pass' : 3. Verify 'TextContent' 'Contains' 'Selected: 1 item(s)' on 'Selected1Div'
'8/9/2011 1:39:53 PM' - 'Pass' : 4. Wait for '500' msec.
'8/9/2011 1:39:53 PM' - 'Pass' : 5. Click 'FirstNameLink'
'8/9/2011 1:39:53 PM' - 'Pass' : 6. Verify 'TextContent' 'Contains' 'Grid data bound' on 'GridDataBoundDiv'
'8/9/2011 1:39:53 PM' - 'Pass' : 7. Click 'NigeTableCell'
'8/9/2011 1:39:54 PM' - 'Pass' : 8. Shift + Click 'AndrewTableCell'
'8/9/2011 1:39:54 PM' - 'NotRun' : 9. Verify 'TextContent' 'Contains' 'Selected: 4 item(s), ' on 'Selected4Div'
'8/9/2011 1:39:55 PM' - 'Pass' : 10. Wait for '500' msec.
'8/9/2011 1:39:55 PM' - 'Pass' : 11. Click 'x2Link'
'8/9/2011 1:39:55 PM' - 'Pass' : 12. Verify 'TextContent' 'Contains' 'Grid data bound' on 'GridDataBoundDiv0'
------------------------------------------------------------
'8/9/2011 1:39:55 PM' - Overall Result: Pass
'8/9/2011 1:39:55 PM' - Duration: [0 min: 4 sec: 404 msec]
------------------------------------------------------------
'8/9/2011 1:39:56 PM' - Test completed!
</Message>
        </ErrorInfo>
      </Output>
      <WebAiiTestResult Type="ArtOfTest.WebAii.Design.Execution.TestResult" Version="2011.1.729.0" xmlns="">
        <TestId Type="System.String">4ddbacf3-93f2-40ae-9f01-610c591d49b6</TestId>
        <TestName Type="System.String">Events</TestName>
        <TestPath Type="System.String">UIWidgets\Grid\Events\Events.tstest</TestPath>
        <ProjectPath Type="System.String">
        </ProjectPath>
        <ResultType Type="ArtOfTest.Common.Design.ResultType">Pass</ResultType>
        <AutomationStepResults>
          <Item Type="ArtOfTest.WebAii.Design.AutomationStepResult" Version="2011.1.729.0">
            <ResultType Type="ArtOfTest.Common.Design.ResultType">Pass</ResultType>
            <StepDescription Type="System.String">Navigate to : 'http://aggeorgiev/kendo/live/grid/events.html'</StepDescription>
            <TestId Type="System.String">4ddbacf3-93f2-40ae-9f01-610c591d49b6</TestId>
            <TestName Type="System.String">Events</TestName>
            <TestPath Type="System.String">UIWidgets\Grid\Events\Events.tstest</TestPath>
            <TestStepNumber Type="System.Int32">0</TestStepNumber>
            <Order Type="System.Int32">1</Order>
            <LogMessageOnError Type="System.String">
            </LogMessageOnError>
          </Item>
          <Item Type="ArtOfTest.WebAii.Design.AutomationStepResult" Version="2011.1.729.0">
            <ResultType Type="ArtOfTest.Common.Design.ResultType">Pass</ResultType>
            <StepDescription Type="System.String">Click 'NigeTableCell'</StepDescription>
            <TestId Type="System.String">4ddbacf3-93f2-40ae-9f01-610c591d49b6</TestId>
            <TestName Type="System.String">Events</TestName>
            <TestPath Type="System.String">UIWidgets\Grid\Events\Events.tstest</TestPath>
            <TestStepNumber Type="System.Int32">1</TestStepNumber>
            <Order Type="System.Int32">2</Order>
            <LogMessageOnError Type="System.String">
            </LogMessageOnError>
          </Item>
          <Item Type="ArtOfTest.WebAii.Design.AutomationStepResult" Version="2011.1.729.0">
            <ResultType Type="ArtOfTest.Common.Design.ResultType">Pass</ResultType>
            <StepDescription Type="System.String">Verify 'TextContent' 'Contains' 'Selected: 1 item(s)' on 'Selected1Div'</StepDescription>
            <TestId Type="System.String">4ddbacf3-93f2-40ae-9f01-610c591d49b6</TestId>
            <TestName Type="System.String">Events</TestName>
            <TestPath Type="System.String">UIWidgets\Grid\Events\Events.tstest</TestPath>
            <TestStepNumber Type="System.Int32">2</TestStepNumber>
            <Order Type="System.Int32">3</Order>
            <LogMessageOnError Type="System.String">
            </LogMessageOnError>
          </Item>
          <Item Type="ArtOfTest.WebAii.Design.AutomationStepResult" Version="2011.1.729.0">
            <ResultType Type="ArtOfTest.Common.Design.ResultType">Pass</ResultType>
            <StepDescription Type="System.String">Wait for '500' msec.</StepDescription>
            <TestId Type="System.String">4ddbacf3-93f2-40ae-9f01-610c591d49b6</TestId>
            <TestName Type="System.String">Events</TestName>
            <TestPath Type="System.String">UIWidgets\Grid\Events\Events.tstest</TestPath>
            <TestStepNumber Type="System.Int32">3</TestStepNumber>
            <Order Type="System.Int32">4</Order>
            <LogMessageOnError Type="System.String">
            </LogMessageOnError>
          </Item>
          <Item Type="ArtOfTest.WebAii.Design.AutomationStepResult" Version="2011.1.729.0">
            <ResultType Type="ArtOfTest.Common.Design.ResultType">Pass</ResultType>
            <StepDescription Type="System.String">Click 'FirstNameLink'</StepDescription>
            <TestId Type="System.String">4ddbacf3-93f2-40ae-9f01-610c591d49b6</TestId>
            <TestName Type="System.String">Events</TestName>
            <TestPath Type="System.String">UIWidgets\Grid\Events\Events.tstest</TestPath>
            <TestStepNumber Type="System.Int32">4</TestStepNumber>
            <Order Type="System.Int32">5</Order>
            <LogMessageOnError Type="System.String">
            </LogMessageOnError>
          </Item>
          <Item Type="ArtOfTest.WebAii.Design.AutomationStepResult" Version="2011.1.729.0">
            <ResultType Type="ArtOfTest.Common.Design.ResultType">Pass</ResultType>
            <StepDescription Type="System.String">Verify 'TextContent' 'Contains' 'Grid data bound' on 'GridDataBoundDiv'</StepDescription>
            <TestId Type="System.String">4ddbacf3-93f2-40ae-9f01-610c591d49b6</TestId>
            <TestName Type="System.String">Events</TestName>
            <TestPath Type="System.String">UIWidgets\Grid\Events\Events.tstest</TestPath>
            <TestStepNumber Type="System.Int32">5</TestStepNumber>
            <Order Type="System.Int32">6</Order>
            <LogMessageOnError Type="System.String">
            </LogMessageOnError>
          </Item>
          <Item Type="ArtOfTest.WebAii.Design.AutomationStepResult" Version="2011.1.729.0">
            <ResultType Type="ArtOfTest.Common.Design.ResultType">Pass</ResultType>
            <StepDescription Type="System.String">Click 'NigeTableCell'</StepDescription>
            <TestId Type="System.String">4ddbacf3-93f2-40ae-9f01-610c591d49b6</TestId>
            <TestName Type="System.String">Events</TestName>
            <TestPath Type="System.String">UIWidgets\Grid\Events\Events.tstest</TestPath>
            <TestStepNumber Type="System.Int32">6</TestStepNumber>
            <Order Type="System.Int32">7</Order>
            <LogMessageOnError Type="System.String">
            </LogMessageOnError>
          </Item>
          <Item Type="ArtOfTest.WebAii.Design.AutomationStepResult" Version="2011.1.729.0">
            <ResultType Type="ArtOfTest.Common.Design.ResultType">Pass</ResultType>
            <StepDescription Type="System.String">Shift + Click 'AndrewTableCell'</StepDescription>
            <TestId Type="System.String">4ddbacf3-93f2-40ae-9f01-610c591d49b6</TestId>
            <TestName Type="System.String">Events</TestName>
            <TestPath Type="System.String">UIWidgets\Grid\Events\Events.tstest</TestPath>
            <TestStepNumber Type="System.Int32">7</TestStepNumber>
            <Order Type="System.Int32">8</Order>
            <LogMessageOnError Type="System.String">
            </LogMessageOnError>
          </Item>
          <Item Type="ArtOfTest.WebAii.Design.AutomationStepResult" Version="2011.1.729.0">
            <ResultType Type="ArtOfTest.Common.Design.ResultType">NotRun</ResultType>
            <StepDescription Type="System.String">Verify 'TextContent' 'Contains' 'Selected: 4 item(s), ' on 'Selected4Div'</StepDescription>
            <TestId Type="System.String">4ddbacf3-93f2-40ae-9f01-610c591d49b6</TestId>
            <TestName Type="System.String">Events</TestName>
            <TestPath Type="System.String">UIWidgets\Grid\Events\Events.tstest</TestPath>
            <TestStepNumber Type="System.Int32">8</TestStepNumber>
            <Order Type="System.Int32">9</Order>
            <LogMessageOnError Type="System.String">
            </LogMessageOnError>
          </Item>
          <Item Type="ArtOfTest.WebAii.Design.AutomationStepResult" Version="2011.1.729.0">
            <ResultType Type="ArtOfTest.Common.Design.ResultType">Pass</ResultType>
            <StepDescription Type="System.String">Wait for '500' msec.</StepDescription>
            <TestId Type="System.String">4ddbacf3-93f2-40ae-9f01-610c591d49b6</TestId>
            <TestName Type="System.String">Events</TestName>
            <TestPath Type="System.String">UIWidgets\Grid\Events\Events.tstest</TestPath>
            <TestStepNumber Type="System.Int32">9</TestStepNumber>
            <Order Type="System.Int32">10</Order>
            <LogMessageOnError Type="System.String">
            </LogMessageOnError>
          </Item>
          <Item Type="ArtOfTest.WebAii.Design.AutomationStepResult" Version="2011.1.729.0">
            <ResultType Type="ArtOfTest.Common.Design.ResultType">Pass</ResultType>
            <StepDescription Type="System.String">Click 'x2Link'</StepDescription>
            <TestId Type="System.String">4ddbacf3-93f2-40ae-9f01-610c591d49b6</TestId>
            <TestName Type="System.String">Events</TestName>
            <TestPath Type="System.String">UIWidgets\Grid\Events\Events.tstest</TestPath>
            <TestStepNumber Type="System.Int32">10</TestStepNumber>
            <Order Type="System.Int32">11</Order>
            <LogMessageOnError Type="System.String">
            </LogMessageOnError>
          </Item>
          <Item Type="ArtOfTest.WebAii.Design.AutomationStepResult" Version="2011.1.729.0">
            <ResultType Type="ArtOfTest.Common.Design.ResultType">Pass</ResultType>
            <StepDescription Type="System.String">Verify 'TextContent' 'Contains' 'Grid data bound' on 'GridDataBoundDiv0'</StepDescription>
            <TestId Type="System.String">4ddbacf3-93f2-40ae-9f01-610c591d49b6</TestId>
            <TestName Type="System.String">Events</TestName>
            <TestPath Type="System.String">UIWidgets\Grid\Events\Events.tstest</TestPath>
            <TestStepNumber Type="System.Int32">11</TestStepNumber>
            <Order Type="System.Int32">12</Order>
            <LogMessageOnError Type="System.String">
            </LogMessageOnError>
          </Item>
        </AutomationStepResults>
        <NotRunStepDescriptions />
        <PerStepMessages Type="System.String">Overall Result: Pass
------------------------------------------------------------
'8/9/2011 1:39:50 PM' - Starting execution....
------------------------------------------------------------
'8/9/2011 1:39:52 PM' - 'Pass' : 1. Navigate to : 'http://aggeorgiev/kendo/live/grid/events.html'
'8/9/2011 1:39:52 PM' - 'Pass' : 2. Click 'NigeTableCell'
'8/9/2011 1:39:52 PM' - 'Pass' : 3. Verify 'TextContent' 'Contains' 'Selected: 1 item(s)' on 'Selected1Div'
'8/9/2011 1:39:53 PM' - 'Pass' : 4. Wait for '500' msec.
'8/9/2011 1:39:53 PM' - 'Pass' : 5. Click 'FirstNameLink'
'8/9/2011 1:39:53 PM' - 'Pass' : 6. Verify 'TextContent' 'Contains' 'Grid data bound' on 'GridDataBoundDiv'
'8/9/2011 1:39:53 PM' - 'Pass' : 7. Click 'NigeTableCell'
'8/9/2011 1:39:54 PM' - 'Pass' : 8. Shift + Click 'AndrewTableCell'
'8/9/2011 1:39:54 PM' - 'NotRun' : 9. Verify 'TextContent' 'Contains' 'Selected: 4 item(s), ' on 'Selected4Div'
'8/9/2011 1:39:55 PM' - 'Pass' : 10. Wait for '500' msec.
'8/9/2011 1:39:55 PM' - 'Pass' : 11. Click 'x2Link'
'8/9/2011 1:39:55 PM' - 'Pass' : 12. Verify 'TextContent' 'Contains' 'Grid data bound' on 'GridDataBoundDiv0'
------------------------------------------------------------
'8/9/2011 1:39:55 PM' - Overall Result: Pass
'8/9/2011 1:39:55 PM' - Duration: [0 min: 4 sec: 404 msec]
------------------------------------------------------------
'8/9/2011 1:39:56 PM' - Test completed!
</PerStepMessages>
        <TotalNumberOfPassedSteps Type="System.Int32">11</TotalNumberOfPassedSteps>
        <ExecutingTestStepCount Type="System.Int32">11</ExecutingTestStepCount>
        <TotalNumberOfNotRunSteps Type="System.Int32">1</TotalNumberOfNotRunSteps>
        <IsDataDrivenResult Type="System.Boolean">False</IsDataDrivenResult>
        <SeparatorLineCharCount Type="System.Int32">60</SeparatorLineCharCount>
        <ExecutionType Type="ArtOfTest.Common.Design.ExecutionType">QuickExecution</ExecutionType>
        <EndTime Type="System.DateTime">2011-08-09 10:39:55Z</EndTime>
        <StarTime Type="System.DateTime">2011-08-09 10:39:51Z</StarTime>
        <DataIterationResults />
      </WebAiiTestResult>
    </WebAiiTestResult>
    <WebAiiTestResult executionId="835d74d4-30c2-48c4-ac81-bd286c37ddf2" testId="5ac7f1c9-d81b-47eb-af1c-2bd95254b5c6" testName="ChangeValueKeyboardSelect" computerName="AGGEORGIEV" duration="00:00:09.4347492" startTime="2011-08-09T13:40:01.3704945+03:00" endTime="2011-08-09T13:40:10.8054379+03:00" testType="c4241296-3c6e-46b1-bf92-e0bd3e0eb017" outcome="PassedButRunAborted" testListId="8c84fa94-04c1-424b-9868-57a2d4851a1d" relativeResultsDirectory="835d74d4-30c2-48c4-ac81-bd286c37ddf2" xmlns="http://artoftest.com/schemas/WebAiiDesignCanvas/1.0.0">
      <Output xmlns="http://microsoft.com/schemas/VisualStudio/TeamTest/2010">
        <ErrorInfo>
          <Message>Overall Result: Pass
------------------------------------------------------------
'8/9/2011 1:40:01 PM' - Starting execution....
------------------------------------------------------------
'8/9/2011 1:40:03 PM' - 'Pass' : 1. Navigate to : '/combobox/index.html'
'8/9/2011 1:40:03 PM' - 'Pass' : 2. Click 'SelectSpan0'
'8/9/2011 1:40:04 PM' - 'Pass' : 3. Keyboard (KeyPress) - Down (2 times) on 'Text0'
'8/9/2011 1:40:05 PM' - 'Pass' : 4. Keyboard (KeyPress) - Enter (1 times) on 'Text0'
'8/9/2011 1:40:05 PM' - 'Pass' : 5. Set 'Text0' text to 'Item 3'
'8/9/2011 1:40:05 PM' - 'Pass' : 6. Verify textbox 'Text0' content 'Contains' 'Item 3'.
------------------------------------------------------------
'8/9/2011 1:40:05 PM' - Overall Result: Pass
'8/9/2011 1:40:05 PM' - Duration: [0 min: 2 sec: 486 msec]
------------------------------------------------------------
'8/9/2011 1:40:05 PM' - Test completed!
</Message>
        </ErrorInfo>
      </Output>
      <WebAiiTestResult Type="ArtOfTest.WebAii.Design.Execution.TestResult" Version="2011.1.729.0" xmlns="">
        <TestId Type="System.String">5ac7f1c9-d81b-47eb-af1c-2bd95254b5c6</TestId>
        <TestName Type="System.String">ChangeValueKeyboardSelect</TestName>
        <TestPath Type="System.String">UIWidgets\ComboBox\BasicUsage\ChangeValueKeyboardSelect.tstest</TestPath>
        <ProjectPath Type="System.String">
        </ProjectPath>
        <ResultType Type="ArtOfTest.Common.Design.ResultType">Pass</ResultType>
        <AutomationStepResults>
          <Item Type="ArtOfTest.WebAii.Design.AutomationStepResult" Version="2011.1.729.0">
            <ResultType Type="ArtOfTest.Common.Design.ResultType">Pass</ResultType>
            <StepDescription Type="System.String">Navigate to : '/combobox/index.html'</StepDescription>
            <TestId Type="System.String">5ac7f1c9-d81b-47eb-af1c-2bd95254b5c6</TestId>
            <TestName Type="System.String">ChangeValueKeyboardSelect</TestName>
            <TestPath Type="System.String">UIWidgets\ComboBox\BasicUsage\ChangeValueKeyboardSelect.tstest</TestPath>
            <TestStepNumber Type="System.Int32">0</TestStepNumber>
            <Order Type="System.Int32">1</Order>
            <LogMessageOnError Type="System.String">
            </LogMessageOnError>
          </Item>
          <Item Type="ArtOfTest.WebAii.Design.AutomationStepResult" Version="2011.1.729.0">
            <ResultType Type="ArtOfTest.Common.Design.ResultType">Pass</ResultType>
            <StepDescription Type="System.String">Click 'SelectSpan0'</StepDescription>
            <TestId Type="System.String">5ac7f1c9-d81b-47eb-af1c-2bd95254b5c6</TestId>
            <TestName Type="System.String">ChangeValueKeyboardSelect</TestName>
            <TestPath Type="System.String">UIWidgets\ComboBox\BasicUsage\ChangeValueKeyboardSelect.tstest</TestPath>
            <TestStepNumber Type="System.Int32">1</TestStepNumber>
            <Order Type="System.Int32">2</Order>
            <LogMessageOnError Type="System.String">
            </LogMessageOnError>
          </Item>
          <Item Type="ArtOfTest.WebAii.Design.AutomationStepResult" Version="2011.1.729.0">
            <ResultType Type="ArtOfTest.Common.Design.ResultType">Pass</ResultType>
            <StepDescription Type="System.String">Keyboard (KeyPress) - Down (2 times) on 'Text0'</StepDescription>
            <TestId Type="System.String">5ac7f1c9-d81b-47eb-af1c-2bd95254b5c6</TestId>
            <TestName Type="System.String">ChangeValueKeyboardSelect</TestName>
            <TestPath Type="System.String">UIWidgets\ComboBox\BasicUsage\ChangeValueKeyboardSelect.tstest</TestPath>
            <TestStepNumber Type="System.Int32">2</TestStepNumber>
            <Order Type="System.Int32">3</Order>
            <LogMessageOnError Type="System.String">
            </LogMessageOnError>
          </Item>
          <Item Type="ArtOfTest.WebAii.Design.AutomationStepResult" Version="2011.1.729.0">
            <ResultType Type="ArtOfTest.Common.Design.ResultType">Pass</ResultType>
            <StepDescription Type="System.String">Keyboard (KeyPress) - Enter (1 times) on 'Text0'</StepDescription>
            <TestId Type="System.String">5ac7f1c9-d81b-47eb-af1c-2bd95254b5c6</TestId>
            <TestName Type="System.String">ChangeValueKeyboardSelect</TestName>
            <TestPath Type="System.String">UIWidgets\ComboBox\BasicUsage\ChangeValueKeyboardSelect.tstest</TestPath>
            <TestStepNumber Type="System.Int32">3</TestStepNumber>
            <Order Type="System.Int32">4</Order>
            <LogMessageOnError Type="System.String">
            </LogMessageOnError>
          </Item>
          <Item Type="ArtOfTest.WebAii.Design.AutomationStepResult" Version="2011.1.729.0">
            <ResultType Type="ArtOfTest.Common.Design.ResultType">Pass</ResultType>
            <StepDescription Type="System.String">Set 'Text0' text to 'Item 3'</StepDescription>
            <TestId Type="System.String">5ac7f1c9-d81b-47eb-af1c-2bd95254b5c6</TestId>
            <TestName Type="System.String">ChangeValueKeyboardSelect</TestName>
            <TestPath Type="System.String">UIWidgets\ComboBox\BasicUsage\ChangeValueKeyboardSelect.tstest</TestPath>
            <TestStepNumber Type="System.Int32">4</TestStepNumber>
            <Order Type="System.Int32">5</Order>
            <LogMessageOnError Type="System.String">
            </LogMessageOnError>
          </Item>
          <Item Type="ArtOfTest.WebAii.Design.AutomationStepResult" Version="2011.1.729.0">
            <ResultType Type="ArtOfTest.Common.Design.ResultType">Pass</ResultType>
            <StepDescription Type="System.String">Verify textbox 'Text0' content 'Contains' 'Item 3'.</StepDescription>
            <TestId Type="System.String">5ac7f1c9-d81b-47eb-af1c-2bd95254b5c6</TestId>
            <TestName Type="System.String">ChangeValueKeyboardSelect</TestName>
            <TestPath Type="System.String">UIWidgets\ComboBox\BasicUsage\ChangeValueKeyboardSelect.tstest</TestPath>
            <TestStepNumber Type="System.Int32">5</TestStepNumber>
            <Order Type="System.Int32">6</Order>
            <LogMessageOnError Type="System.String">
            </LogMessageOnError>
          </Item>
        </AutomationStepResults>
        <NotRunStepDescriptions />
        <PerStepMessages Type="System.String">Overall Result: Pass
------------------------------------------------------------
'8/9/2011 1:40:01 PM' - Starting execution....
------------------------------------------------------------
'8/9/2011 1:40:03 PM' - 'Pass' : 1. Navigate to : '/combobox/index.html'
'8/9/2011 1:40:03 PM' - 'Pass' : 2. Click 'SelectSpan0'
'8/9/2011 1:40:04 PM' - 'Pass' : 3. Keyboard (KeyPress) - Down (2 times) on 'Text0'
'8/9/2011 1:40:05 PM' - 'Pass' : 4. Keyboard (KeyPress) - Enter (1 times) on 'Text0'
'8/9/2011 1:40:05 PM' - 'Pass' : 5. Set 'Text0' text to 'Item 3'
'8/9/2011 1:40:05 PM' - 'Pass' : 6. Verify textbox 'Text0' content 'Contains' 'Item 3'.
------------------------------------------------------------
'8/9/2011 1:40:05 PM' - Overall Result: Pass
'8/9/2011 1:40:05 PM' - Duration: [0 min: 2 sec: 486 msec]
------------------------------------------------------------
'8/9/2011 1:40:05 PM' - Test completed!
</PerStepMessages>
        <TotalNumberOfPassedSteps Type="System.Int32">6</TotalNumberOfPassedSteps>
        <ExecutingTestStepCount Type="System.Int32">6</ExecutingTestStepCount>
        <TotalNumberOfNotRunSteps Type="System.Int32">0</TotalNumberOfNotRunSteps>
        <IsDataDrivenResult Type="System.Boolean">False</IsDataDrivenResult>
        <SeparatorLineCharCount Type="System.Int32">60</SeparatorLineCharCount>
        <ExecutionType Type="ArtOfTest.Common.Design.ExecutionType">QuickExecution</ExecutionType>
        <EndTime Type="System.DateTime">2011-08-09 10:40:05Z</EndTime>
        <StarTime Type="System.DateTime">2011-08-09 10:40:02Z</StarTime>
        <DataIterationResults />
      </WebAiiTestResult>
    </WebAiiTestResult>
    <WebAiiTestResult executionId="6efacd01-79f7-4b82-84db-2fee47ab64e2" testId="891ffcdc-fd2e-4e7e-8a8c-b0d9744bb0b9" testName="SelectRowSingle" computerName="AGGEORGIEV" duration="00:00:09.0723168" startTime="2011-08-09T13:40:10.8084382+03:00" endTime="2011-08-09T13:40:19.8813454+03:00" testType="c4241296-3c6e-46b1-bf92-e0bd3e0eb017" outcome="PassedButRunAborted" testListId="8c84fa94-04c1-424b-9868-57a2d4851a1d" relativeResultsDirectory="6efacd01-79f7-4b82-84db-2fee47ab64e2" xmlns="http://artoftest.com/schemas/WebAiiDesignCanvas/1.0.0">
      <Output xmlns="http://microsoft.com/schemas/VisualStudio/TeamTest/2010">
        <ErrorInfo>
          <Message>Overall Result: Pass
------------------------------------------------------------
'8/9/2011 1:40:10 PM' - Starting execution....
------------------------------------------------------------
'8/9/2011 1:40:13 PM' - 'Pass' : 1. Navigate to : '/grid/selection.html'
'8/9/2011 1:40:13 PM' - 'Pass' : 2. Click 'RobertTableCell'
'8/9/2011 1:40:13 PM' - 'Pass' : 3. Verify attribute 'class' has 'Contains' value of 't-alt t-state-selected' on 'TableRow'
'8/9/2011 1:40:14 PM' - 'Pass' : 4. Wait for '500' msec.
'8/9/2011 1:40:14 PM' - 'Pass' : 5. Click 'AnneTableCell'
'8/9/2011 1:40:14 PM' - 'Pass' : 6. Verify attribute 'class' has 'Contains' value of 't-state-selected' on 'TableRow0'
------------------------------------------------------------
'8/9/2011 1:40:14 PM' - Overall Result: Pass
'8/9/2011 1:40:14 PM' - Duration: [0 min: 2 sec: 136 msec]
------------------------------------------------------------
'8/9/2011 1:40:14 PM' - Test completed!
</Message>
        </ErrorInfo>
      </Output>
      <WebAiiTestResult Type="ArtOfTest.WebAii.Design.Execution.TestResult" Version="2011.1.729.0" xmlns="">
        <TestId Type="System.String">891ffcdc-fd2e-4e7e-8a8c-b0d9744bb0b9</TestId>
        <TestName Type="System.String">SelectRowSingle</TestName>
        <TestPath Type="System.String">UIWidgets\Grid\Selection\SelectRowSingle.tstest</TestPath>
        <ProjectPath Type="System.String">
        </ProjectPath>
        <ResultType Type="ArtOfTest.Common.Design.ResultType">Pass</ResultType>
        <AutomationStepResults>
          <Item Type="ArtOfTest.WebAii.Design.AutomationStepResult" Version="2011.1.729.0">
            <ResultType Type="ArtOfTest.Common.Design.ResultType">Pass</ResultType>
            <StepDescription Type="System.String">Navigate to : '/grid/selection.html'</StepDescription>
            <TestId Type="System.String">891ffcdc-fd2e-4e7e-8a8c-b0d9744bb0b9</TestId>
            <TestName Type="System.String">SelectRowSingle</TestName>
            <TestPath Type="System.String">UIWidgets\Grid\Selection\SelectRowSingle.tstest</TestPath>
            <TestStepNumber Type="System.Int32">0</TestStepNumber>
            <Order Type="System.Int32">1</Order>
            <LogMessageOnError Type="System.String">
            </LogMessageOnError>
          </Item>
          <Item Type="ArtOfTest.WebAii.Design.AutomationStepResult" Version="2011.1.729.0">
            <ResultType Type="ArtOfTest.Common.Design.ResultType">Pass</ResultType>
            <StepDescription Type="System.String">Click 'RobertTableCell'</StepDescription>
            <TestId Type="System.String">891ffcdc-fd2e-4e7e-8a8c-b0d9744bb0b9</TestId>
            <TestName Type="System.String">SelectRowSingle</TestName>
            <TestPath Type="System.String">UIWidgets\Grid\Selection\SelectRowSingle.tstest</TestPath>
            <TestStepNumber Type="System.Int32">1</TestStepNumber>
            <Order Type="System.Int32">2</Order>
            <LogMessageOnError Type="System.String">
            </LogMessageOnError>
          </Item>
          <Item Type="ArtOfTest.WebAii.Design.AutomationStepResult" Version="2011.1.729.0">
            <ResultType Type="ArtOfTest.Common.Design.ResultType">Pass</ResultType>
            <StepDescription Type="System.String">Verify attribute 'class' has 'Contains' value of 't-alt t-state-selected' on 'TableRow'</StepDescription>
            <TestId Type="System.String">891ffcdc-fd2e-4e7e-8a8c-b0d9744bb0b9</TestId>
            <TestName Type="System.String">SelectRowSingle</TestName>
            <TestPath Type="System.String">UIWidgets\Grid\Selection\SelectRowSingle.tstest</TestPath>
            <TestStepNumber Type="System.Int32">2</TestStepNumber>
            <Order Type="System.Int32">3</Order>
            <LogMessageOnError Type="System.String">
            </LogMessageOnError>
          </Item>
          <Item Type="ArtOfTest.WebAii.Design.AutomationStepResult" Version="2011.1.729.0">
            <ResultType Type="ArtOfTest.Common.Design.ResultType">Pass</ResultType>
            <StepDescription Type="System.String">Wait for '500' msec.</StepDescription>
            <TestId Type="System.String">891ffcdc-fd2e-4e7e-8a8c-b0d9744bb0b9</TestId>
            <TestName Type="System.String">SelectRowSingle</TestName>
            <TestPath Type="System.String">UIWidgets\Grid\Selection\SelectRowSingle.tstest</TestPath>
            <TestStepNumber Type="System.Int32">3</TestStepNumber>
            <Order Type="System.Int32">4</Order>
            <LogMessageOnError Type="System.String">
            </LogMessageOnError>
          </Item>
          <Item Type="ArtOfTest.WebAii.Design.AutomationStepResult" Version="2011.1.729.0">
            <ResultType Type="ArtOfTest.Common.Design.ResultType">Pass</ResultType>
            <StepDescription Type="System.String">Click 'AnneTableCell'</StepDescription>
            <TestId Type="System.String">891ffcdc-fd2e-4e7e-8a8c-b0d9744bb0b9</TestId>
            <TestName Type="System.String">SelectRowSingle</TestName>
            <TestPath Type="System.String">UIWidgets\Grid\Selection\SelectRowSingle.tstest</TestPath>
            <TestStepNumber Type="System.Int32">4</TestStepNumber>
            <Order Type="System.Int32">5</Order>
            <LogMessageOnError Type="System.String">
            </LogMessageOnError>
          </Item>
          <Item Type="ArtOfTest.WebAii.Design.AutomationStepResult" Version="2011.1.729.0">
            <ResultType Type="ArtOfTest.Common.Design.ResultType">Pass</ResultType>
            <StepDescription Type="System.String">Verify attribute 'class' has 'Contains' value of 't-state-selected' on 'TableRow0'</StepDescription>
            <TestId Type="System.String">891ffcdc-fd2e-4e7e-8a8c-b0d9744bb0b9</TestId>
            <TestName Type="System.String">SelectRowSingle</TestName>
            <TestPath Type="System.String">UIWidgets\Grid\Selection\SelectRowSingle.tstest</TestPath>
            <TestStepNumber Type="System.Int32">5</TestStepNumber>
            <Order Type="System.Int32">6</Order>
            <LogMessageOnError Type="System.String">
            </LogMessageOnError>
          </Item>
        </AutomationStepResults>
        <NotRunStepDescriptions />
        <PerStepMessages Type="System.String">Overall Result: Pass
------------------------------------------------------------
'8/9/2011 1:40:10 PM' - Starting execution....
------------------------------------------------------------
'8/9/2011 1:40:13 PM' - 'Pass' : 1. Navigate to : '/grid/selection.html'
'8/9/2011 1:40:13 PM' - 'Pass' : 2. Click 'RobertTableCell'
'8/9/2011 1:40:13 PM' - 'Pass' : 3. Verify attribute 'class' has 'Contains' value of 't-alt t-state-selected' on 'TableRow'
'8/9/2011 1:40:14 PM' - 'Pass' : 4. Wait for '500' msec.
'8/9/2011 1:40:14 PM' - 'Pass' : 5. Click 'AnneTableCell'
'8/9/2011 1:40:14 PM' - 'Pass' : 6. Verify attribute 'class' has 'Contains' value of 't-state-selected' on 'TableRow0'
------------------------------------------------------------
'8/9/2011 1:40:14 PM' - Overall Result: Pass
'8/9/2011 1:40:14 PM' - Duration: [0 min: 2 sec: 136 msec]
------------------------------------------------------------
'8/9/2011 1:40:14 PM' - Test completed!
</PerStepMessages>
        <TotalNumberOfPassedSteps Type="System.Int32">6</TotalNumberOfPassedSteps>
        <ExecutingTestStepCount Type="System.Int32">6</ExecutingTestStepCount>
        <TotalNumberOfNotRunSteps Type="System.Int32">0</TotalNumberOfNotRunSteps>
        <IsDataDrivenResult Type="System.Boolean">False</IsDataDrivenResult>
        <SeparatorLineCharCount Type="System.Int32">60</SeparatorLineCharCount>
        <ExecutionType Type="ArtOfTest.Common.Design.ExecutionType">QuickExecution</ExecutionType>
        <EndTime Type="System.DateTime">2011-08-09 10:40:14Z</EndTime>
        <StarTime Type="System.DateTime">2011-08-09 10:40:12Z</StarTime>
        <DataIterationResults />
      </WebAiiTestResult>
    </WebAiiTestResult>
    <WebAiiTestResult executionId="5ec88051-e9bb-4465-ab01-513ca19365dd" testId="8b54f401-eab7-44c8-8634-d7ce8bb137a8" testName="SelectOption" computerName="AGGEORGIEV" duration="00:00:05.9270980" startTime="2011-08-09T13:40:19.8843457+03:00" endTime="2011-08-09T13:40:25.8119384+03:00" testType="c4241296-3c6e-46b1-bf92-e0bd3e0eb017" outcome="PassedButRunAborted" testListId="8c84fa94-04c1-424b-9868-57a2d4851a1d" relativeResultsDirectory="5ec88051-e9bb-4465-ab01-513ca19365dd" xmlns="http://artoftest.com/schemas/WebAiiDesignCanvas/1.0.0">
      <Output xmlns="http://microsoft.com/schemas/VisualStudio/TeamTest/2010">
        <ErrorInfo>
          <Message>Overall Result: Pass
------------------------------------------------------------
'8/9/2011 1:40:19 PM' - Starting execution....
------------------------------------------------------------
'8/9/2011 1:40:22 PM' - 'Pass' : 1. Navigate to : '/autocomplete/index.html'
'8/9/2011 1:40:23 PM' - 'Pass' : 2. Set 'InputText' text to 'the'
'8/9/2011 1:40:23 PM' - 'Pass' : 3. Click 'TheListItem'
'8/9/2011 1:40:23 PM' - 'Pass' : 4. Verify textbox 'InputText' content 'Same' 'The Godfather: Part II, '.
------------------------------------------------------------
'8/9/2011 1:40:23 PM' - Overall Result: Pass
'8/9/2011 1:40:23 PM' - Duration: [0 min: 2 sec: 603 msec]
------------------------------------------------------------
'8/9/2011 1:40:24 PM' - Test completed!
</Message>
        </ErrorInfo>
      </Output>
      <WebAiiTestResult Type="ArtOfTest.WebAii.Design.Execution.TestResult" Version="2011.1.729.0" xmlns="">
        <TestId Type="System.String">8b54f401-eab7-44c8-8634-d7ce8bb137a8</TestId>
        <TestName Type="System.String">SelectOption</TestName>
        <TestPath Type="System.String">UIWidgets\AutoComplete\BasicUsage\SelectOption.tstest</TestPath>
        <ProjectPath Type="System.String">
        </ProjectPath>
        <ResultType Type="ArtOfTest.Common.Design.ResultType">Pass</ResultType>
        <AutomationStepResults>
          <Item Type="ArtOfTest.WebAii.Design.AutomationStepResult" Version="2011.1.729.0">
            <ResultType Type="ArtOfTest.Common.Design.ResultType">Pass</ResultType>
            <StepDescription Type="System.String">Navigate to : '/autocomplete/index.html'</StepDescription>
            <TestId Type="System.String">8b54f401-eab7-44c8-8634-d7ce8bb137a8</TestId>
            <TestName Type="System.String">SelectOption</TestName>
            <TestPath Type="System.String">UIWidgets\AutoComplete\BasicUsage\SelectOption.tstest</TestPath>
            <TestStepNumber Type="System.Int32">0</TestStepNumber>
            <Order Type="System.Int32">1</Order>
            <LogMessageOnError Type="System.String">
            </LogMessageOnError>
          </Item>
          <Item Type="ArtOfTest.WebAii.Design.AutomationStepResult" Version="2011.1.729.0">
            <ResultType Type="ArtOfTest.Common.Design.ResultType">Pass</ResultType>
            <StepDescription Type="System.String">Set 'InputText' text to 'the'</StepDescription>
            <TestId Type="System.String">8b54f401-eab7-44c8-8634-d7ce8bb137a8</TestId>
            <TestName Type="System.String">SelectOption</TestName>
            <TestPath Type="System.String">UIWidgets\AutoComplete\BasicUsage\SelectOption.tstest</TestPath>
            <TestStepNumber Type="System.Int32">1</TestStepNumber>
            <Order Type="System.Int32">2</Order>
            <LogMessageOnError Type="System.String">
            </LogMessageOnError>
          </Item>
          <Item Type="ArtOfTest.WebAii.Design.AutomationStepResult" Version="2011.1.729.0">
            <ResultType Type="ArtOfTest.Common.Design.ResultType">Pass</ResultType>
            <StepDescription Type="System.String">Click 'TheListItem'</StepDescription>
            <TestId Type="System.String">8b54f401-eab7-44c8-8634-d7ce8bb137a8</TestId>
            <TestName Type="System.String">SelectOption</TestName>
            <TestPath Type="System.String">UIWidgets\AutoComplete\BasicUsage\SelectOption.tstest</TestPath>
            <TestStepNumber Type="System.Int32">2</TestStepNumber>
            <Order Type="System.Int32">3</Order>
            <LogMessageOnError Type="System.String">
            </LogMessageOnError>
          </Item>
          <Item Type="ArtOfTest.WebAii.Design.AutomationStepResult" Version="2011.1.729.0">
            <ResultType Type="ArtOfTest.Common.Design.ResultType">Pass</ResultType>
            <StepDescription Type="System.String">Verify textbox 'InputText' content 'Same' 'The Godfather: Part II, '.</StepDescription>
            <TestId Type="System.String">8b54f401-eab7-44c8-8634-d7ce8bb137a8</TestId>
            <TestName Type="System.String">SelectOption</TestName>
            <TestPath Type="System.String">UIWidgets\AutoComplete\BasicUsage\SelectOption.tstest</TestPath>
            <TestStepNumber Type="System.Int32">3</TestStepNumber>
            <Order Type="System.Int32">4</Order>
            <LogMessageOnError Type="System.String">
            </LogMessageOnError>
          </Item>
        </AutomationStepResults>
        <NotRunStepDescriptions />
        <PerStepMessages Type="System.String">Overall Result: Pass
------------------------------------------------------------
'8/9/2011 1:40:19 PM' - Starting execution....
------------------------------------------------------------
'8/9/2011 1:40:22 PM' - 'Pass' : 1. Navigate to : '/autocomplete/index.html'
'8/9/2011 1:40:23 PM' - 'Pass' : 2. Set 'InputText' text to 'the'
'8/9/2011 1:40:23 PM' - 'Pass' : 3. Click 'TheListItem'
'8/9/2011 1:40:23 PM' - 'Pass' : 4. Verify textbox 'InputText' content 'Same' 'The Godfather: Part II, '.
------------------------------------------------------------
'8/9/2011 1:40:23 PM' - Overall Result: Pass
'8/9/2011 1:40:23 PM' - Duration: [0 min: 2 sec: 603 msec]
------------------------------------------------------------
'8/9/2011 1:40:24 PM' - Test completed!
</PerStepMessages>
        <TotalNumberOfPassedSteps Type="System.Int32">4</TotalNumberOfPassedSteps>
        <ExecutingTestStepCount Type="System.Int32">4</ExecutingTestStepCount>
        <TotalNumberOfNotRunSteps Type="System.Int32">0</TotalNumberOfNotRunSteps>
        <IsDataDrivenResult Type="System.Boolean">False</IsDataDrivenResult>
        <SeparatorLineCharCount Type="System.Int32">60</SeparatorLineCharCount>
        <ExecutionType Type="ArtOfTest.Common.Design.ExecutionType">QuickExecution</ExecutionType>
        <EndTime Type="System.DateTime">2011-08-09 10:40:23Z</EndTime>
        <StarTime Type="System.DateTime">2011-08-09 10:40:21Z</StarTime>
        <DataIterationResults />
      </WebAiiTestResult>
    </WebAiiTestResult>
    <WebAiiTestResult executionId="9a4c098d-ceee-41f2-a9b0-7a230dc1c952" testId="91020c93-1d6d-4fb3-9dae-01e50187ada4" testName="OpenClose" computerName="AGGEORGIEV" duration="00:00:06.6773358" startTime="2011-08-09T13:40:25.8149387+03:00" endTime="2011-08-09T13:40:32.4926064+03:00" testType="c4241296-3c6e-46b1-bf92-e0bd3e0eb017" outcome="PassedButRunAborted" testListId="8c84fa94-04c1-424b-9868-57a2d4851a1d" relativeResultsDirectory="9a4c098d-ceee-41f2-a9b0-7a230dc1c952" xmlns="http://artoftest.com/schemas/WebAiiDesignCanvas/1.0.0">
      <Output xmlns="http://microsoft.com/schemas/VisualStudio/TeamTest/2010">
        <ErrorInfo>
          <Message>Overall Result: Pass
------------------------------------------------------------
'8/9/2011 1:40:25 PM' - Starting execution....
'8/9/2011 1:40:27 PM' - Detected custom code in test. Locating test assembly: KendoDemosTests.dll.
'8/9/2011 1:40:27 PM' - Assembly Found: C:\work\GitHub\kendo\functional-tests\KendoDemosTests\TestResults\aggeorgiev_AGGEORGIEV 2011-08-09 13_39_18\Out\KendoDemosTests.dll
'8/9/2011 1:40:27 PM' - Loading code class: 'KendoDemosTests.UIWidgets.Menu.BasicUsage.OpenClose'.
------------------------------------------------------------
'8/9/2011 1:40:27 PM' - 'Pass' : 1. Navigate to : 'http://aggeorgiev/kendo/live/menu/index.html'
'8/9/2011 1:40:28 PM' - 'Pass' : 2. Invoke 'OnMouseOver' event on 'FirstItemSpan'
'8/9/2011 1:40:28 PM' - 'Pass' : 3. Verify element 'ExampleDiv' 'is' visible.
'8/9/2011 1:40:28 PM' - 'Pass' : 4. [OpenClose_CodedStep] : @"Invoke 'OnMouseOver' event on 'Sub Item 4'
'8/9/2011 1:40:28 PM' - 'Pass' : 5. Click 'SubItem4Span'
'8/9/2011 1:40:28 PM' - 'Pass' : 6. Invoke 'OnMouseOut' event on 'FirstItemSpan'
'8/9/2011 1:40:28 PM' - 'Pass' : 7. Invoke 'OnMouseOver' event on 'TemplatedItemSpan'
'8/9/2011 1:40:29 PM' - 'Pass' : 8. [OpenClose_CodedStep1] : @"Wait for Exists 'FirstItemSpan'
------------------------------------------------------------
'8/9/2011 1:40:29 PM' - Overall Result: Pass
'8/9/2011 1:40:29 PM' - Duration: [0 min: 1 sec: 798 msec]
------------------------------------------------------------
'8/9/2011 1:40:29 PM' - Test completed!
</Message>
        </ErrorInfo>
      </Output>
      <WebAiiTestResult Type="ArtOfTest.WebAii.Design.Execution.TestResult" Version="2011.1.729.0" xmlns="">
        <TestId Type="System.String">91020c93-1d6d-4fb3-9dae-01e50187ada4</TestId>
        <TestName Type="System.String">OpenClose</TestName>
        <TestPath Type="System.String">UIWidgets\Menu\BasicUsage\OpenClose.tstest</TestPath>
        <ProjectPath Type="System.String">
        </ProjectPath>
        <ResultType Type="ArtOfTest.Common.Design.ResultType">Pass</ResultType>
        <AutomationStepResults>
          <Item Type="ArtOfTest.WebAii.Design.AutomationStepResult" Version="2011.1.729.0">
            <ResultType Type="ArtOfTest.Common.Design.ResultType">Pass</ResultType>
            <StepDescription Type="System.String">Navigate to : 'http://aggeorgiev/kendo/live/menu/index.html'</StepDescription>
            <TestId Type="System.String">91020c93-1d6d-4fb3-9dae-01e50187ada4</TestId>
            <TestName Type="System.String">OpenClose</TestName>
            <TestPath Type="System.String">UIWidgets\Menu\BasicUsage\OpenClose.tstest</TestPath>
            <TestStepNumber Type="System.Int32">0</TestStepNumber>
            <Order Type="System.Int32">1</Order>
            <LogMessageOnError Type="System.String">
            </LogMessageOnError>
          </Item>
          <Item Type="ArtOfTest.WebAii.Design.AutomationStepResult" Version="2011.1.729.0">
            <ResultType Type="ArtOfTest.Common.Design.ResultType">Pass</ResultType>
            <StepDescription Type="System.String">Invoke 'OnMouseOver' event on 'FirstItemSpan'</StepDescription>
            <TestId Type="System.String">91020c93-1d6d-4fb3-9dae-01e50187ada4</TestId>
            <TestName Type="System.String">OpenClose</TestName>
            <TestPath Type="System.String">UIWidgets\Menu\BasicUsage\OpenClose.tstest</TestPath>
            <TestStepNumber Type="System.Int32">1</TestStepNumber>
            <Order Type="System.Int32">2</Order>
            <LogMessageOnError Type="System.String">
            </LogMessageOnError>
          </Item>
          <Item Type="ArtOfTest.WebAii.Design.AutomationStepResult" Version="2011.1.729.0">
            <ResultType Type="ArtOfTest.Common.Design.ResultType">Pass</ResultType>
            <StepDescription Type="System.String">Verify element 'ExampleDiv' 'is' visible.</StepDescription>
            <TestId Type="System.String">91020c93-1d6d-4fb3-9dae-01e50187ada4</TestId>
            <TestName Type="System.String">OpenClose</TestName>
            <TestPath Type="System.String">UIWidgets\Menu\BasicUsage\OpenClose.tstest</TestPath>
            <TestStepNumber Type="System.Int32">2</TestStepNumber>
            <Order Type="System.Int32">3</Order>
            <LogMessageOnError Type="System.String">
            </LogMessageOnError>
          </Item>
          <Item Type="ArtOfTest.WebAii.Design.AutomationStepResult" Version="2011.1.729.0">
            <ResultType Type="ArtOfTest.Common.Design.ResultType">Pass</ResultType>
            <StepDescription Type="System.String">[OpenClose_CodedStep] : @"Invoke 'OnMouseOver' event on 'Sub Item 4'</StepDescription>
            <TestId Type="System.String">91020c93-1d6d-4fb3-9dae-01e50187ada4</TestId>
            <TestName Type="System.String">OpenClose</TestName>
            <TestPath Type="System.String">UIWidgets\Menu\BasicUsage\OpenClose.tstest</TestPath>
            <TestStepNumber Type="System.Int32">3</TestStepNumber>
            <Order Type="System.Int32">4</Order>
            <LogMessageOnError Type="System.String">
            </LogMessageOnError>
          </Item>
          <Item Type="ArtOfTest.WebAii.Design.AutomationStepResult" Version="2011.1.729.0">
            <ResultType Type="ArtOfTest.Common.Design.ResultType">Pass</ResultType>
            <StepDescription Type="System.String">Click 'SubItem4Span'</StepDescription>
            <TestId Type="System.String">91020c93-1d6d-4fb3-9dae-01e50187ada4</TestId>
            <TestName Type="System.String">OpenClose</TestName>
            <TestPath Type="System.String">UIWidgets\Menu\BasicUsage\OpenClose.tstest</TestPath>
            <TestStepNumber Type="System.Int32">4</TestStepNumber>
            <Order Type="System.Int32">5</Order>
            <LogMessageOnError Type="System.String">
            </LogMessageOnError>
          </Item>
          <Item Type="ArtOfTest.WebAii.Design.AutomationStepResult" Version="2011.1.729.0">
            <ResultType Type="ArtOfTest.Common.Design.ResultType">Pass</ResultType>
            <StepDescription Type="System.String">Invoke 'OnMouseOut' event on 'FirstItemSpan'</StepDescription>
            <TestId Type="System.String">91020c93-1d6d-4fb3-9dae-01e50187ada4</TestId>
            <TestName Type="System.String">OpenClose</TestName>
            <TestPath Type="System.String">UIWidgets\Menu\BasicUsage\OpenClose.tstest</TestPath>
            <TestStepNumber Type="System.Int32">5</TestStepNumber>
            <Order Type="System.Int32">6</Order>
            <LogMessageOnError Type="System.String">
            </LogMessageOnError>
          </Item>
          <Item Type="ArtOfTest.WebAii.Design.AutomationStepResult" Version="2011.1.729.0">
            <ResultType Type="ArtOfTest.Common.Design.ResultType">Pass</ResultType>
            <StepDescription Type="System.String">Invoke 'OnMouseOver' event on 'TemplatedItemSpan'</StepDescription>
            <TestId Type="System.String">91020c93-1d6d-4fb3-9dae-01e50187ada4</TestId>
            <TestName Type="System.String">OpenClose</TestName>
            <TestPath Type="System.String">UIWidgets\Menu\BasicUsage\OpenClose.tstest</TestPath>
            <TestStepNumber Type="System.Int32">6</TestStepNumber>
            <Order Type="System.Int32">7</Order>
            <LogMessageOnError Type="System.String">
            </LogMessageOnError>
          </Item>
          <Item Type="ArtOfTest.WebAii.Design.AutomationStepResult" Version="2011.1.729.0">
            <ResultType Type="ArtOfTest.Common.Design.ResultType">Pass</ResultType>
            <StepDescription Type="System.String">[OpenClose_CodedStep1] : @"Wait for Exists 'FirstItemSpan'</StepDescription>
            <TestId Type="System.String">91020c93-1d6d-4fb3-9dae-01e50187ada4</TestId>
            <TestName Type="System.String">OpenClose</TestName>
            <TestPath Type="System.String">UIWidgets\Menu\BasicUsage\OpenClose.tstest</TestPath>
            <TestStepNumber Type="System.Int32">7</TestStepNumber>
            <Order Type="System.Int32">8</Order>
            <LogMessageOnError Type="System.String">
            </LogMessageOnError>
          </Item>
        </AutomationStepResults>
        <NotRunStepDescriptions />
        <PerStepMessages Type="System.String">Overall Result: Pass
------------------------------------------------------------
'8/9/2011 1:40:25 PM' - Starting execution....
'8/9/2011 1:40:27 PM' - Detected custom code in test. Locating test assembly: KendoDemosTests.dll.
'8/9/2011 1:40:27 PM' - Assembly Found: C:\work\GitHub\kendo\functional-tests\KendoDemosTests\TestResults\aggeorgiev_AGGEORGIEV 2011-08-09 13_39_18\Out\KendoDemosTests.dll
'8/9/2011 1:40:27 PM' - Loading code class: 'KendoDemosTests.UIWidgets.Menu.BasicUsage.OpenClose'.
------------------------------------------------------------
'8/9/2011 1:40:27 PM' - 'Pass' : 1. Navigate to : 'http://aggeorgiev/kendo/live/menu/index.html'
'8/9/2011 1:40:28 PM' - 'Pass' : 2. Invoke 'OnMouseOver' event on 'FirstItemSpan'
'8/9/2011 1:40:28 PM' - 'Pass' : 3. Verify element 'ExampleDiv' 'is' visible.
'8/9/2011 1:40:28 PM' - 'Pass' : 4. [OpenClose_CodedStep] : @"Invoke 'OnMouseOver' event on 'Sub Item 4'
'8/9/2011 1:40:28 PM' - 'Pass' : 5. Click 'SubItem4Span'
'8/9/2011 1:40:28 PM' - 'Pass' : 6. Invoke 'OnMouseOut' event on 'FirstItemSpan'
'8/9/2011 1:40:28 PM' - 'Pass' : 7. Invoke 'OnMouseOver' event on 'TemplatedItemSpan'
'8/9/2011 1:40:29 PM' - 'Pass' : 8. [OpenClose_CodedStep1] : @"Wait for Exists 'FirstItemSpan'
------------------------------------------------------------
'8/9/2011 1:40:29 PM' - Overall Result: Pass
'8/9/2011 1:40:29 PM' - Duration: [0 min: 1 sec: 798 msec]
------------------------------------------------------------
'8/9/2011 1:40:29 PM' - Test completed!
</PerStepMessages>
        <TotalNumberOfPassedSteps Type="System.Int32">8</TotalNumberOfPassedSteps>
        <ExecutingTestStepCount Type="System.Int32">8</ExecutingTestStepCount>
        <TotalNumberOfNotRunSteps Type="System.Int32">0</TotalNumberOfNotRunSteps>
        <IsDataDrivenResult Type="System.Boolean">False</IsDataDrivenResult>
        <SeparatorLineCharCount Type="System.Int32">60</SeparatorLineCharCount>
        <ExecutionType Type="ArtOfTest.Common.Design.ExecutionType">QuickExecution</ExecutionType>
        <EndTime Type="System.DateTime">2011-08-09 10:40:29Z</EndTime>
        <StarTime Type="System.DateTime">2011-08-09 10:40:27Z</StarTime>
        <DataIterationResults />
      </WebAiiTestResult>
    </WebAiiTestResult>
    <TestResult executionId="7c21b3ce-c0e0-4572-bb08-0943932df38a" testId="e297cdda-5608-4e27-ae19-fbf10e3a834f" testName="SetTwoValuesRevertToBlank" computerName="AGGEORGIEV" duration="00:00:11.8761875" startTime="2011-08-09T13:40:32.4966068+03:00" endTime="2011-08-09T13:40:44.3727943+03:00" testType="c4241296-3c6e-46b1-bf92-e0bd3e0eb017" outcome="Aborted" testListId="8c84fa94-04c1-424b-9868-57a2d4851a1d" relativeResultsDirectory="7c21b3ce-c0e0-4572-bb08-0943932df38a">
      <Output>
        <ErrorInfo>
          <Message>User aborted test run.</Message>
        </ErrorInfo>
      </Output>
    </TestResult>
    <TestResult executionId="96c28aaf-fb06-4ee2-9def-9435e2d91db3" testId="e94e4d47-b502-4a0f-955f-42848b91e78f" testName="SelectMultipleCells" computerName="AGGEORGIEV" testType="c4241296-3c6e-46b1-bf92-e0bd3e0eb017" outcome="NotExecuted" testListId="8c84fa94-04c1-424b-9868-57a2d4851a1d" relativeResultsDirectory="96c28aaf-fb06-4ee2-9def-9435e2d91db3">
    </TestResult>
    <TestResult executionId="1abb19cd-8d04-47a6-882f-6dee5729bb82" testId="f1b99097-ab32-4274-a4a5-8d03fb4b4c6f" testName="ChangeValueInput" computerName="AGGEORGIEV" testType="c4241296-3c6e-46b1-bf92-e0bd3e0eb017" outcome="NotExecuted" testListId="8c84fa94-04c1-424b-9868-57a2d4851a1d" relativeResultsDirectory="1abb19cd-8d04-47a6-882f-6dee5729bb82">
    </TestResult>
    <TestResult executionId="4d1a6fda-76f6-4864-90b0-1c9a89f36bca" testId="fd75ef59-b0f9-4557-af4a-a84cb018806e" testName="SelectMultipleRows" computerName="AGGEORGIEV" testType="c4241296-3c6e-46b1-bf92-e0bd3e0eb017" outcome="NotExecuted" testListId="8c84fa94-04c1-424b-9868-57a2d4851a1d" relativeResultsDirectory="4d1a6fda-76f6-4864-90b0-1c9a89f36bca">
    </TestResult>
  </Results>
</TestRun>