<?xml version="1.0" encoding="UTF-8"?>
<TestRun id="aaa95595-d0ae-4245-95ca-5c9f4a404ddc" name="aggeorgiev@AGGEORGIEV 2011-08-10 09:54:03" runUser="TELERIK\aggeorgiev" xmlns="http://microsoft.com/schemas/VisualStudio/TeamTest/2010">
  <TestSettings name="Default Test Settings" id="16fb813a-ab4b-4d2a-b5ba-0f1ec9d8738e">
    <Deployment userDeploymentRoot="C:\work\GitHub\kendo\functional-tests\KendoDemosTests\TestResults" useDefaultDeploymentRoot="false" runDeploymentRoot="aggeorgiev_AGGEORGIEV 2011-08-10 09_54_03" />
    <Execution>
      <TestTypeSpecific />
      <AgentRule name="Execution Agents">
      </AgentRule>
    </Execution>
  </TestSettings>
  <Times creation="2011-08-10T09:54:03.8939183+03:00" queuing="2011-08-10T09:54:04.0949384+03:00" start="2011-08-10T09:54:04.1069396+03:00" finish="2011-08-10T09:54:14.3372880+03:00" />
  <ResultSummary outcome="Completed">
    <Counters total="1" executed="1" passed="1" error="0" failed="0" timeout="0" aborted="0" inconclusive="0" passedButRunAborted="0" notRunnable="0" notExecuted="0" disconnected="0" warning="0" completed="0" inProgress="0" pending="0" />
  </ResultSummary>
  <TestDefinitions>
    <WebAiiTest name="DisableEnable" storage="c:\work\github\kendo\functional-tests\kendodemostests\uiwidgets\menu\api\disableenable.tstest" priority="0" id="d6707a8e-ed75-4a21-809f-369a5e86aeaa" xmlns="http://artoftest.com/schemas/WebAiiDesignCanvas/1.0.0">
      <Description xmlns="http://microsoft.com/schemas/VisualStudio/TeamTest/2010">WebAii Testcase</Description>
      <DeploymentItems xmlns="http://microsoft.com/schemas/VisualStudio/TeamTest/2010">
        <DeploymentItem filename="..\..\..\bin\Debug\KendoDemosTests.dll" />
      </DeploymentItems>
      <Execution id="86702129-0833-4479-b458-f25dfae8b497" xmlns="http://microsoft.com/schemas/VisualStudio/TeamTest/2010" />
    </WebAiiTest>
  </TestDefinitions>
  <TestLists>
    <TestList name="Results Not in a List" id="8c84fa94-04c1-424b-9868-57a2d4851a1d" />
    <TestList name="All Loaded Results" id="19431567-8539-422a-85d7-44ee4e166bda" />
  </TestLists>
  <TestEntries>
    <TestEntry testId="d6707a8e-ed75-4a21-809f-369a5e86aeaa" executionId="86702129-0833-4479-b458-f25dfae8b497" testListId="8c84fa94-04c1-424b-9868-57a2d4851a1d" />
  </TestEntries>
  <Results>
    <WebAiiTestResult executionId="86702129-0833-4479-b458-f25dfae8b497" testId="d6707a8e-ed75-4a21-809f-369a5e86aeaa" testName="DisableEnable" computerName="AGGEORGIEV" duration="00:00:10.0895986" startTime="2011-08-10T09:54:04.1119401+03:00" endTime="2011-08-10T09:54:14.2280838+03:00" testType="c4241296-3c6e-46b1-bf92-e0bd3e0eb017" outcome="Passed" testListId="8c84fa94-04c1-424b-9868-57a2d4851a1d" relativeResultsDirectory="86702129-0833-4479-b458-f25dfae8b497" xmlns="http://artoftest.com/schemas/WebAiiDesignCanvas/1.0.0">
      <Output xmlns="http://microsoft.com/schemas/VisualStudio/TeamTest/2010">
        <ErrorInfo>
          <Message>Overall Result: Pass
------------------------------------------------------------
'8/10/2011 9:54:04 AM' - Starting execution....
------------------------------------------------------------
'8/10/2011 9:54:07 AM' - 'Pass' : 1. Navigate to : '/menu/api.html'
'8/10/2011 9:54:08 AM' - 'Pass' : 2. Set 'ToggleIndexText' text to '0'
'8/10/2011 9:54:08 AM' - 'Pass' : 3. Click 'EnableDisableButtonTag'
'8/10/2011 9:54:08 AM' - 'Pass' : 4. Verify attribute 'class' has 'Contains' value of 't-item t-first t-state-disabled' on 'ListItem'
'8/10/2011 9:54:08 AM' - 'Pass' : 5. Wait for '250' msec.
'8/10/2011 9:54:09 AM' - 'Pass' : 6. Set 'ToggleIndexText' text to '0'
'8/10/2011 9:54:09 AM' - 'Pass' : 7. Click 'EnableDisableButtonTag'
'8/10/2011 9:54:09 AM' - 'NotRun' : 8. Wait for attribute 'class' has 'Contains' value of 'state-default' on 'ListItem'
'8/10/2011 9:54:09 AM' - 'Pass' : 9. Verify attribute 'class' has 'Contains' value of 't-item t-first t-state-default' on 'ListItem'
------------------------------------------------------------
'8/10/2011 9:54:09 AM' - Overall Result: Pass
'8/10/2011 9:54:09 AM' - Duration: [0 min: 2 sec: 789 msec]
------------------------------------------------------------
'8/10/2011 9:54:10 AM' - Test completed!
</Message>
        </ErrorInfo>
      </Output>
      <WebAiiTestResult Type="ArtOfTest.WebAii.Design.Execution.TestResult" Version="2011.1.729.0" xmlns="">
        <TestId Type="System.String">d6707a8e-ed75-4a21-809f-369a5e86aeaa</TestId>
        <TestName Type="System.String">DisableEnable</TestName>
        <TestPath Type="System.String">UIWidgets\Menu\API\DisableEnable.tstest</TestPath>
        <ProjectPath Type="System.String">
        </ProjectPath>
        <ResultType Type="ArtOfTest.Common.Design.ResultType">Pass</ResultType>
        <AutomationStepResults>
          <Item Type="ArtOfTest.WebAii.Design.AutomationStepResult" Version="2011.1.729.0">
            <ResultType Type="ArtOfTest.Common.Design.ResultType">Pass</ResultType>
            <StepDescription Type="System.String">Navigate to : '/menu/api.html'</StepDescription>
            <TestId Type="System.String">d6707a8e-ed75-4a21-809f-369a5e86aeaa</TestId>
            <TestName Type="System.String">DisableEnable</TestName>
            <TestPath Type="System.String">UIWidgets\Menu\API\DisableEnable.tstest</TestPath>
            <TestStepNumber Type="System.Int32">0</TestStepNumber>
            <Order Type="System.Int32">1</Order>
            <LogMessageOnError Type="System.String">
            </LogMessageOnError>
          </Item>
          <Item Type="ArtOfTest.WebAii.Design.AutomationStepResult" Version="2011.1.729.0">
            <ResultType Type="ArtOfTest.Common.Design.ResultType">Pass</ResultType>
            <StepDescription Type="System.String">Set 'ToggleIndexText' text to '0'</StepDescription>
            <TestId Type="System.String">d6707a8e-ed75-4a21-809f-369a5e86aeaa</TestId>
            <TestName Type="System.String">DisableEnable</TestName>
            <TestPath Type="System.String">UIWidgets\Menu\API\DisableEnable.tstest</TestPath>
            <TestStepNumber Type="System.Int32">1</TestStepNumber>
            <Order Type="System.Int32">2</Order>
            <LogMessageOnError Type="System.String">
            </LogMessageOnError>
          </Item>
          <Item Type="ArtOfTest.WebAii.Design.AutomationStepResult" Version="2011.1.729.0">
            <ResultType Type="ArtOfTest.Common.Design.ResultType">Pass</ResultType>
            <StepDescription Type="System.String">Click 'EnableDisableButtonTag'</StepDescription>
            <TestId Type="System.String">d6707a8e-ed75-4a21-809f-369a5e86aeaa</TestId>
            <TestName Type="System.String">DisableEnable</TestName>
            <TestPath Type="System.String">UIWidgets\Menu\API\DisableEnable.tstest</TestPath>
            <TestStepNumber Type="System.Int32">2</TestStepNumber>
            <Order Type="System.Int32">3</Order>
            <LogMessageOnError Type="System.String">
            </LogMessageOnError>
          </Item>
          <Item Type="ArtOfTest.WebAii.Design.AutomationStepResult" Version="2011.1.729.0">
            <ResultType Type="ArtOfTest.Common.Design.ResultType">Pass</ResultType>
            <StepDescription Type="System.String">Verify attribute 'class' has 'Contains' value of 't-item t-first t-state-disabled' on 'ListItem'</StepDescription>
            <TestId Type="System.String">d6707a8e-ed75-4a21-809f-369a5e86aeaa</TestId>
            <TestName Type="System.String">DisableEnable</TestName>
            <TestPath Type="System.String">UIWidgets\Menu\API\DisableEnable.tstest</TestPath>
            <TestStepNumber Type="System.Int32">3</TestStepNumber>
            <Order Type="System.Int32">4</Order>
            <LogMessageOnError Type="System.String">
            </LogMessageOnError>
          </Item>
          <Item Type="ArtOfTest.WebAii.Design.AutomationStepResult" Version="2011.1.729.0">
            <ResultType Type="ArtOfTest.Common.Design.ResultType">Pass</ResultType>
            <StepDescription Type="System.String">Wait for '250' msec.</StepDescription>
            <TestId Type="System.String">d6707a8e-ed75-4a21-809f-369a5e86aeaa</TestId>
            <TestName Type="System.String">DisableEnable</TestName>
            <TestPath Type="System.String">UIWidgets\Menu\API\DisableEnable.tstest</TestPath>
            <TestStepNumber Type="System.Int32">4</TestStepNumber>
            <Order Type="System.Int32">5</Order>
            <LogMessageOnError Type="System.String">
            </LogMessageOnError>
          </Item>
          <Item Type="ArtOfTest.WebAii.Design.AutomationStepResult" Version="2011.1.729.0">
            <ResultType Type="ArtOfTest.Common.Design.ResultType">Pass</ResultType>
            <StepDescription Type="System.String">Set 'ToggleIndexText' text to '0'</StepDescription>
            <TestId Type="System.String">d6707a8e-ed75-4a21-809f-369a5e86aeaa</TestId>
            <TestName Type="System.String">DisableEnable</TestName>
            <TestPath Type="System.String">UIWidgets\Menu\API\DisableEnable.tstest</TestPath>
            <TestStepNumber Type="System.Int32">5</TestStepNumber>
            <Order Type="System.Int32">6</Order>
            <LogMessageOnError Type="System.String">
            </LogMessageOnError>
          </Item>
          <Item Type="ArtOfTest.WebAii.Design.AutomationStepResult" Version="2011.1.729.0">
            <ResultType Type="ArtOfTest.Common.Design.ResultType">Pass</ResultType>
            <StepDescription Type="System.String">Click 'EnableDisableButtonTag'</StepDescription>
            <TestId Type="System.String">d6707a8e-ed75-4a21-809f-369a5e86aeaa</TestId>
            <TestName Type="System.String">DisableEnable</TestName>
            <TestPath Type="System.String">UIWidgets\Menu\API\DisableEnable.tstest</TestPath>
            <TestStepNumber Type="System.Int32">6</TestStepNumber>
            <Order Type="System.Int32">7</Order>
            <LogMessageOnError Type="System.String">
            </LogMessageOnError>
          </Item>
          <Item Type="ArtOfTest.WebAii.Design.AutomationStepResult" Version="2011.1.729.0">
            <ResultType Type="ArtOfTest.Common.Design.ResultType">NotRun</ResultType>
            <StepDescription Type="System.String">Wait for attribute 'class' has 'Contains' value of 'state-default' on 'ListItem'</StepDescription>
            <TestId Type="System.String">d6707a8e-ed75-4a21-809f-369a5e86aeaa</TestId>
            <TestName Type="System.String">DisableEnable</TestName>
            <TestPath Type="System.String">UIWidgets\Menu\API\DisableEnable.tstest</TestPath>
            <TestStepNumber Type="System.Int32">7</TestStepNumber>
            <Order Type="System.Int32">8</Order>
            <LogMessageOnError Type="System.String">
            </LogMessageOnError>
          </Item>
          <Item Type="ArtOfTest.WebAii.Design.AutomationStepResult" Version="2011.1.729.0">
            <ResultType Type="ArtOfTest.Common.Design.ResultType">Pass</ResultType>
            <StepDescription Type="System.String">Verify attribute 'class' has 'Contains' value of 't-item t-first t-state-default' on 'ListItem'</StepDescription>
            <TestId Type="System.String">d6707a8e-ed75-4a21-809f-369a5e86aeaa</TestId>
            <TestName Type="System.String">DisableEnable</TestName>
            <TestPath Type="System.String">UIWidgets\Menu\API\DisableEnable.tstest</TestPath>
            <TestStepNumber Type="System.Int32">8</TestStepNumber>
            <Order Type="System.Int32">9</Order>
            <LogMessageOnError Type="System.String">
            </LogMessageOnError>
          </Item>
        </AutomationStepResults>
        <NotRunStepDescriptions />
        <PerStepMessages Type="System.String">Overall Result: Pass
------------------------------------------------------------
'8/10/2011 9:54:04 AM' - Starting execution....
------------------------------------------------------------
'8/10/2011 9:54:07 AM' - 'Pass' : 1. Navigate to : '/menu/api.html'
'8/10/2011 9:54:08 AM' - 'Pass' : 2. Set 'ToggleIndexText' text to '0'
'8/10/2011 9:54:08 AM' - 'Pass' : 3. Click 'EnableDisableButtonTag'
'8/10/2011 9:54:08 AM' - 'Pass' : 4. Verify attribute 'class' has 'Contains' value of 't-item t-first t-state-disabled' on 'ListItem'
'8/10/2011 9:54:08 AM' - 'Pass' : 5. Wait for '250' msec.
'8/10/2011 9:54:09 AM' - 'Pass' : 6. Set 'ToggleIndexText' text to '0'
'8/10/2011 9:54:09 AM' - 'Pass' : 7. Click 'EnableDisableButtonTag'
'8/10/2011 9:54:09 AM' - 'NotRun' : 8. Wait for attribute 'class' has 'Contains' value of 'state-default' on 'ListItem'
'8/10/2011 9:54:09 AM' - 'Pass' : 9. Verify attribute 'class' has 'Contains' value of 't-item t-first t-state-default' on 'ListItem'
------------------------------------------------------------
'8/10/2011 9:54:09 AM' - Overall Result: Pass
'8/10/2011 9:54:09 AM' - Duration: [0 min: 2 sec: 789 msec]
------------------------------------------------------------
'8/10/2011 9:54:10 AM' - Test completed!
</PerStepMessages>
        <TotalNumberOfPassedSteps Type="System.Int32">8</TotalNumberOfPassedSteps>
        <ExecutingTestStepCount Type="System.Int32">8</ExecutingTestStepCount>
        <TotalNumberOfNotRunSteps Type="System.Int32">1</TotalNumberOfNotRunSteps>
        <IsDataDrivenResult Type="System.Boolean">False</IsDataDrivenResult>
        <SeparatorLineCharCount Type="System.Int32">60</SeparatorLineCharCount>
        <ExecutionType Type="ArtOfTest.Common.Design.ExecutionType">QuickExecution</ExecutionType>
        <EndTime Type="System.DateTime">2011-08-10 06:54:09Z</EndTime>
        <StarTime Type="System.DateTime">2011-08-10 06:54:06Z</StarTime>
        <DataIterationResults />
      </WebAiiTestResult>
    </WebAiiTestResult>
  </Results>
</TestRun>