<?xml version="1.0" encoding="UTF-8"?>
<TestRun id="6f21d65b-4be6-49e4-95de-0fceec5974db" name="aggeorgiev@AGGEORGIEV 2011-08-09 15:25:06" runUser="TELERIK\aggeorgiev" xmlns="http://microsoft.com/schemas/VisualStudio/TeamTest/2010">
  <TestSettings name="Default Test Settings" id="5be86edd-de28-4636-89c9-17408a55fb9f">
    <Execution>
      <TestTypeSpecific />
      <AgentRule name="Execution Agents">
      </AgentRule>
    </Execution>
    <Deployment runDeploymentRoot="aggeorgiev_AGGEORGIEV 2011-08-09 15_25_06" />
  </TestSettings>
  <Times creation="2011-08-09T15:25:06.5945257+03:00" queuing="2011-08-09T15:25:07.1165779+03:00" start="2011-08-09T15:25:07.1935856+03:00" finish="2011-08-09T15:25:17.2295891+03:00" />
  <ResultSummary outcome="Aborted">
    <Counters total="12" executed="1" error="0" failed="0" timeout="0" aborted="1" inconclusive="0" passedButRunAborted="0" notRunnable="0" notExecuted="11" disconnected="0" warning="0" passed="0" completed="0" inProgress="0" pending="0" />
  </ResultSummary>
  <TestDefinitions>
    <WebAiiTest name="SelectRowSingle" storage="c:\work\github\kendo\functional-tests\kendodemostests\uiwidgets\grid\selection\selectrowsingle.tstest" priority="0" id="891ffcdc-fd2e-4e7e-8a8c-b0d9744bb0b9" xmlns="http://artoftest.com/schemas/WebAiiDesignCanvas/1.0.0">
      <Description xmlns="http://microsoft.com/schemas/VisualStudio/TeamTest/2010">WebAii Testcase</Description>
      <DeploymentItems xmlns="http://microsoft.com/schemas/VisualStudio/TeamTest/2010">
        <DeploymentItem filename="..\..\..\bin\Debug\KendoDemosTests.dll" />
      </DeploymentItems>
      <Execution id="d87e56ff-b9f6-4c1c-8519-f3a5f2bf9ce3" xmlns="http://microsoft.com/schemas/VisualStudio/TeamTest/2010" />
    </WebAiiTest>
    <WebAiiTest name="ChangeValueInput" storage="c:\work\github\kendo\functional-tests\kendodemostests\uiwidgets\combobox\basicusage\changevalueinput.tstest" priority="0" id="f1b99097-ab32-4274-a4a5-8d03fb4b4c6f" xmlns="http://artoftest.com/schemas/WebAiiDesignCanvas/1.0.0">
      <Description xmlns="http://microsoft.com/schemas/VisualStudio/TeamTest/2010">WebAii Testcase</Description>
      <DeploymentItems xmlns="http://microsoft.com/schemas/VisualStudio/TeamTest/2010">
        <DeploymentItem filename="..\..\..\bin\Debug\KendoDemosTests.dll" />
      </DeploymentItems>
      <Execution id="a5660f73-40d7-4827-b4f7-f7ca32ba1aa0" xmlns="http://microsoft.com/schemas/VisualStudio/TeamTest/2010" />
    </WebAiiTest>
    <WebAiiTest name="Events" storage="c:\work\github\kendo\functional-tests\kendodemostests\uiwidgets\grid\events\events.tstest" priority="0" id="4ddbacf3-93f2-40ae-9f01-610c591d49b6" xmlns="http://artoftest.com/schemas/WebAiiDesignCanvas/1.0.0">
      <Description xmlns="http://microsoft.com/schemas/VisualStudio/TeamTest/2010">WebAii Testcase</Description>
      <DeploymentItems xmlns="http://microsoft.com/schemas/VisualStudio/TeamTest/2010">
        <DeploymentItem filename="..\..\..\bin\Debug\KendoDemosTests.dll" />
      </DeploymentItems>
      <Execution id="ac67d3c2-7f81-4a3e-82f4-328fa8225f1d" xmlns="http://microsoft.com/schemas/VisualStudio/TeamTest/2010" />
    </WebAiiTest>
    <WebAiiTest name="NotClosedOnClick" storage="c:\work\github\kendo\functional-tests\kendodemostests\uiwidgets\menu\basicusage\notclosedonclick.tstest" priority="0" id="14f36260-63c4-4038-8b02-22537d776770" xmlns="http://artoftest.com/schemas/WebAiiDesignCanvas/1.0.0">
      <Description xmlns="http://microsoft.com/schemas/VisualStudio/TeamTest/2010">WebAii Testcase</Description>
      <DeploymentItems xmlns="http://microsoft.com/schemas/VisualStudio/TeamTest/2010">
        <DeploymentItem filename="..\..\..\bin\Debug\KendoDemosTests.dll" />
      </DeploymentItems>
      <Execution id="defe54e0-2ea2-44dd-b7e4-7bc7134e104f" xmlns="http://microsoft.com/schemas/VisualStudio/TeamTest/2010" />
    </WebAiiTest>
    <WebAiiTest name="SortFirstNameAndPage" storage="c:\work\github\kendo\functional-tests\kendodemostests\uiwidgets\grid\basicusage\sortfirstnameandpage.tstest" priority="0" id="1b641c32-14b2-4d44-b84a-7772389dbed8" xmlns="http://artoftest.com/schemas/WebAiiDesignCanvas/1.0.0">
      <Description xmlns="http://microsoft.com/schemas/VisualStudio/TeamTest/2010">WebAii Testcase</Description>
      <DeploymentItems xmlns="http://microsoft.com/schemas/VisualStudio/TeamTest/2010">
        <DeploymentItem filename="..\..\..\bin\Debug\KendoDemosTests.dll" />
      </DeploymentItems>
      <Execution id="fe9b768c-06ce-4a57-9d35-cfc5dd3c6eaf" xmlns="http://microsoft.com/schemas/VisualStudio/TeamTest/2010" />
    </WebAiiTest>
    <WebAiiTest name="SelectOption" storage="c:\work\github\kendo\functional-tests\kendodemostests\uiwidgets\autocomplete\basicusage\selectoption.tstest" priority="0" id="8b54f401-eab7-44c8-8634-d7ce8bb137a8" xmlns="http://artoftest.com/schemas/WebAiiDesignCanvas/1.0.0">
      <Description xmlns="http://microsoft.com/schemas/VisualStudio/TeamTest/2010">WebAii Testcase</Description>
      <DeploymentItems xmlns="http://microsoft.com/schemas/VisualStudio/TeamTest/2010">
        <DeploymentItem filename="..\..\..\bin\Debug\KendoDemosTests.dll" />
      </DeploymentItems>
      <Execution id="af84452c-9c9a-4199-bf5a-e2a63c369354" xmlns="http://microsoft.com/schemas/VisualStudio/TeamTest/2010" />
    </WebAiiTest>
    <WebAiiTest name="ChangeValueKeyboardSelect" storage="c:\work\github\kendo\functional-tests\kendodemostests\uiwidgets\combobox\basicusage\changevaluekeyboardselect.tstest" priority="0" id="5ac7f1c9-d81b-47eb-af1c-2bd95254b5c6" xmlns="http://artoftest.com/schemas/WebAiiDesignCanvas/1.0.0">
      <Description xmlns="http://microsoft.com/schemas/VisualStudio/TeamTest/2010">WebAii Testcase</Description>
      <DeploymentItems xmlns="http://microsoft.com/schemas/VisualStudio/TeamTest/2010">
        <DeploymentItem filename="..\..\..\bin\Debug\KendoDemosTests.dll" />
      </DeploymentItems>
      <Execution id="5bf5cafe-02fa-4152-98af-9372f69db28d" xmlns="http://microsoft.com/schemas/VisualStudio/TeamTest/2010" />
    </WebAiiTest>
    <WebAiiTest name="GroupByAge" storage="c:\work\github\kendo\functional-tests\kendodemostests\uiwidgets\grid\basicusage\groupbyage.tstest" priority="0" id="2a2681b2-602e-4af3-be55-b8516bc81e80" xmlns="http://artoftest.com/schemas/WebAiiDesignCanvas/1.0.0">
      <Description xmlns="http://microsoft.com/schemas/VisualStudio/TeamTest/2010">WebAii Testcase</Description>
      <DeploymentItems xmlns="http://microsoft.com/schemas/VisualStudio/TeamTest/2010">
        <DeploymentItem filename="..\..\..\bin\Debug\KendoDemosTests.dll" />
      </DeploymentItems>
      <Execution id="295791ae-3502-4eea-a5ba-e0b5da39d94a" xmlns="http://microsoft.com/schemas/VisualStudio/TeamTest/2010" />
    </WebAiiTest>
    <WebAiiTest name="SelectMultipleCells" storage="c:\work\github\kendo\functional-tests\kendodemostests\uiwidgets\grid\selection\selectmultiplecells.tstest" priority="0" id="e94e4d47-b502-4a0f-955f-42848b91e78f" xmlns="http://artoftest.com/schemas/WebAiiDesignCanvas/1.0.0">
      <Description xmlns="http://microsoft.com/schemas/VisualStudio/TeamTest/2010">WebAii Testcase</Description>
      <DeploymentItems xmlns="http://microsoft.com/schemas/VisualStudio/TeamTest/2010">
        <DeploymentItem filename="..\..\..\bin\Debug\KendoDemosTests.dll" />
      </DeploymentItems>
      <Execution id="31fe7de1-e05f-4c16-9a28-86e6148b5942" xmlns="http://microsoft.com/schemas/VisualStudio/TeamTest/2010" />
    </WebAiiTest>
    <WebAiiTest name="SetTwoValuesRevertToBlank" storage="c:\work\github\kendo\functional-tests\kendodemostests\uiwidgets\autocomplete\basicusage\settwovaluesreverttoblank.tstest" priority="0" id="e297cdda-5608-4e27-ae19-fbf10e3a834f" xmlns="http://artoftest.com/schemas/WebAiiDesignCanvas/1.0.0">
      <Description xmlns="http://microsoft.com/schemas/VisualStudio/TeamTest/2010">WebAii Testcase</Description>
      <DeploymentItems xmlns="http://microsoft.com/schemas/VisualStudio/TeamTest/2010">
        <DeploymentItem filename="..\..\..\bin\Debug\KendoDemosTests.dll" />
      </DeploymentItems>
      <Execution id="5ef9012a-6ef9-4f0c-ade9-ac539a0bb37c" xmlns="http://microsoft.com/schemas/VisualStudio/TeamTest/2010" />
    </WebAiiTest>
    <WebAiiTest name="SelectMultipleRows" storage="c:\work\github\kendo\functional-tests\kendodemostests\uiwidgets\grid\selection\selectmultiplerows.tstest" priority="0" id="fd75ef59-b0f9-4557-af4a-a84cb018806e" xmlns="http://artoftest.com/schemas/WebAiiDesignCanvas/1.0.0">
      <Description xmlns="http://microsoft.com/schemas/VisualStudio/TeamTest/2010">WebAii Testcase</Description>
      <DeploymentItems xmlns="http://microsoft.com/schemas/VisualStudio/TeamTest/2010">
        <DeploymentItem filename="..\..\..\bin\Debug\KendoDemosTests.dll" />
      </DeploymentItems>
      <Execution id="879a14f8-9bd0-4b3b-8316-8602f72a877b" xmlns="http://microsoft.com/schemas/VisualStudio/TeamTest/2010" />
    </WebAiiTest>
    <WebAiiTest name="OpenClose" storage="c:\work\github\kendo\functional-tests\kendodemostests\uiwidgets\menu\basicusage\openclose.tstest" priority="0" id="91020c93-1d6d-4fb3-9dae-01e50187ada4" xmlns="http://artoftest.com/schemas/WebAiiDesignCanvas/1.0.0">
      <Description xmlns="http://microsoft.com/schemas/VisualStudio/TeamTest/2010">WebAii Testcase</Description>
      <DeploymentItems xmlns="http://microsoft.com/schemas/VisualStudio/TeamTest/2010">
        <DeploymentItem filename="..\..\..\bin\Debug\KendoDemosTests.dll" />
      </DeploymentItems>
      <Execution id="30a8b091-d0a0-4f85-bc3c-f0fb10ee9d0f" xmlns="http://microsoft.com/schemas/VisualStudio/TeamTest/2010" />
    </WebAiiTest>
  </TestDefinitions>
  <TestLists>
    <TestList name="Results Not in a List" id="8c84fa94-04c1-424b-9868-57a2d4851a1d" />
    <TestList name="All Loaded Results" id="19431567-8539-422a-85d7-44ee4e166bda" />
  </TestLists>
  <TestEntries>
    <TestEntry testId="8b54f401-eab7-44c8-8634-d7ce8bb137a8" executionId="af84452c-9c9a-4199-bf5a-e2a63c369354" testListId="8c84fa94-04c1-424b-9868-57a2d4851a1d" />
    <TestEntry testId="e297cdda-5608-4e27-ae19-fbf10e3a834f" executionId="5ef9012a-6ef9-4f0c-ade9-ac539a0bb37c" testListId="8c84fa94-04c1-424b-9868-57a2d4851a1d" />
    <TestEntry testId="f1b99097-ab32-4274-a4a5-8d03fb4b4c6f" executionId="a5660f73-40d7-4827-b4f7-f7ca32ba1aa0" testListId="8c84fa94-04c1-424b-9868-57a2d4851a1d" />
    <TestEntry testId="5ac7f1c9-d81b-47eb-af1c-2bd95254b5c6" executionId="5bf5cafe-02fa-4152-98af-9372f69db28d" testListId="8c84fa94-04c1-424b-9868-57a2d4851a1d" />
    <TestEntry testId="2a2681b2-602e-4af3-be55-b8516bc81e80" executionId="295791ae-3502-4eea-a5ba-e0b5da39d94a" testListId="8c84fa94-04c1-424b-9868-57a2d4851a1d" />
    <TestEntry testId="1b641c32-14b2-4d44-b84a-7772389dbed8" executionId="fe9b768c-06ce-4a57-9d35-cfc5dd3c6eaf" testListId="8c84fa94-04c1-424b-9868-57a2d4851a1d" />
    <TestEntry testId="4ddbacf3-93f2-40ae-9f01-610c591d49b6" executionId="ac67d3c2-7f81-4a3e-82f4-328fa8225f1d" testListId="8c84fa94-04c1-424b-9868-57a2d4851a1d" />
    <TestEntry testId="e94e4d47-b502-4a0f-955f-42848b91e78f" executionId="31fe7de1-e05f-4c16-9a28-86e6148b5942" testListId="8c84fa94-04c1-424b-9868-57a2d4851a1d" />
    <TestEntry testId="fd75ef59-b0f9-4557-af4a-a84cb018806e" executionId="879a14f8-9bd0-4b3b-8316-8602f72a877b" testListId="8c84fa94-04c1-424b-9868-57a2d4851a1d" />
    <TestEntry testId="891ffcdc-fd2e-4e7e-8a8c-b0d9744bb0b9" executionId="d87e56ff-b9f6-4c1c-8519-f3a5f2bf9ce3" testListId="8c84fa94-04c1-424b-9868-57a2d4851a1d" />
    <TestEntry testId="91020c93-1d6d-4fb3-9dae-01e50187ada4" executionId="30a8b091-d0a0-4f85-bc3c-f0fb10ee9d0f" testListId="8c84fa94-04c1-424b-9868-57a2d4851a1d" />
    <TestEntry testId="14f36260-63c4-4038-8b02-22537d776770" executionId="defe54e0-2ea2-44dd-b7e4-7bc7134e104f" testListId="8c84fa94-04c1-424b-9868-57a2d4851a1d" />
  </TestEntries>
  <Results>
    <TestResult executionId="af84452c-9c9a-4199-bf5a-e2a63c369354" testId="8b54f401-eab7-44c8-8634-d7ce8bb137a8" testName="SelectOption" computerName="AGGEORGIEV" duration="00:00:03.9733973" startTime="2011-08-09T15:25:07.1985861+03:00" endTime="2011-08-09T15:25:11.1719834+03:00" testType="c4241296-3c6e-46b1-bf92-e0bd3e0eb017" outcome="Aborted" testListId="8c84fa94-04c1-424b-9868-57a2d4851a1d" relativeResultsDirectory="af84452c-9c9a-4199-bf5a-e2a63c369354">
      <Output>
        <ErrorInfo>
          <Message>User aborted test run.</Message>
        </ErrorInfo>
      </Output>
    </TestResult>
    <TestResult executionId="5ef9012a-6ef9-4f0c-ade9-ac539a0bb37c" testId="e297cdda-5608-4e27-ae19-fbf10e3a834f" testName="SetTwoValuesRevertToBlank" computerName="AGGEORGIEV" testType="c4241296-3c6e-46b1-bf92-e0bd3e0eb017" outcome="NotExecuted" testListId="8c84fa94-04c1-424b-9868-57a2d4851a1d" relativeResultsDirectory="5ef9012a-6ef9-4f0c-ade9-ac539a0bb37c">
    </TestResult>
    <TestResult executionId="a5660f73-40d7-4827-b4f7-f7ca32ba1aa0" testId="f1b99097-ab32-4274-a4a5-8d03fb4b4c6f" testName="ChangeValueInput" computerName="AGGEORGIEV" testType="c4241296-3c6e-46b1-bf92-e0bd3e0eb017" outcome="NotExecuted" testListId="8c84fa94-04c1-424b-9868-57a2d4851a1d" relativeResultsDirectory="a5660f73-40d7-4827-b4f7-f7ca32ba1aa0">
    </TestResult>
    <TestResult executionId="5bf5cafe-02fa-4152-98af-9372f69db28d" testId="5ac7f1c9-d81b-47eb-af1c-2bd95254b5c6" testName="ChangeValueKeyboardSelect" computerName="AGGEORGIEV" testType="c4241296-3c6e-46b1-bf92-e0bd3e0eb017" outcome="NotExecuted" testListId="8c84fa94-04c1-424b-9868-57a2d4851a1d" relativeResultsDirectory="5bf5cafe-02fa-4152-98af-9372f69db28d">
    </TestResult>
    <TestResult executionId="295791ae-3502-4eea-a5ba-e0b5da39d94a" testId="2a2681b2-602e-4af3-be55-b8516bc81e80" testName="GroupByAge" computerName="AGGEORGIEV" testType="c4241296-3c6e-46b1-bf92-e0bd3e0eb017" outcome="NotExecuted" testListId="8c84fa94-04c1-424b-9868-57a2d4851a1d" relativeResultsDirectory="295791ae-3502-4eea-a5ba-e0b5da39d94a">
    </TestResult>
    <TestResult executionId="fe9b768c-06ce-4a57-9d35-cfc5dd3c6eaf" testId="1b641c32-14b2-4d44-b84a-7772389dbed8" testName="SortFirstNameAndPage" computerName="AGGEORGIEV" testType="c4241296-3c6e-46b1-bf92-e0bd3e0eb017" outcome="NotExecuted" testListId="8c84fa94-04c1-424b-9868-57a2d4851a1d" relativeResultsDirectory="fe9b768c-06ce-4a57-9d35-cfc5dd3c6eaf">
    </TestResult>
    <TestResult executionId="ac67d3c2-7f81-4a3e-82f4-328fa8225f1d" testId="4ddbacf3-93f2-40ae-9f01-610c591d49b6" testName="Events" computerName="AGGEORGIEV" testType="c4241296-3c6e-46b1-bf92-e0bd3e0eb017" outcome="NotExecuted" testListId="8c84fa94-04c1-424b-9868-57a2d4851a1d" relativeResultsDirectory="ac67d3c2-7f81-4a3e-82f4-328fa8225f1d">
    </TestResult>
    <TestResult executionId="31fe7de1-e05f-4c16-9a28-86e6148b5942" testId="e94e4d47-b502-4a0f-955f-42848b91e78f" testName="SelectMultipleCells" computerName="AGGEORGIEV" testType="c4241296-3c6e-46b1-bf92-e0bd3e0eb017" outcome="NotExecuted" testListId="8c84fa94-04c1-424b-9868-57a2d4851a1d" relativeResultsDirectory="31fe7de1-e05f-4c16-9a28-86e6148b5942">
    </TestResult>
    <TestResult executionId="879a14f8-9bd0-4b3b-8316-8602f72a877b" testId="fd75ef59-b0f9-4557-af4a-a84cb018806e" testName="SelectMultipleRows" computerName="AGGEORGIEV" testType="c4241296-3c6e-46b1-bf92-e0bd3e0eb017" outcome="NotExecuted" testListId="8c84fa94-04c1-424b-9868-57a2d4851a1d" relativeResultsDirectory="879a14f8-9bd0-4b3b-8316-8602f72a877b">
    </TestResult>
    <TestResult executionId="d87e56ff-b9f6-4c1c-8519-f3a5f2bf9ce3" testId="891ffcdc-fd2e-4e7e-8a8c-b0d9744bb0b9" testName="SelectRowSingle" computerName="AGGEORGIEV" testType="c4241296-3c6e-46b1-bf92-e0bd3e0eb017" outcome="NotExecuted" testListId="8c84fa94-04c1-424b-9868-57a2d4851a1d" relativeResultsDirectory="d87e56ff-b9f6-4c1c-8519-f3a5f2bf9ce3">
    </TestResult>
    <TestResult executionId="30a8b091-d0a0-4f85-bc3c-f0fb10ee9d0f" testId="91020c93-1d6d-4fb3-9dae-01e50187ada4" testName="OpenClose" computerName="AGGEORGIEV" testType="c4241296-3c6e-46b1-bf92-e0bd3e0eb017" outcome="NotExecuted" testListId="8c84fa94-04c1-424b-9868-57a2d4851a1d" relativeResultsDirectory="30a8b091-d0a0-4f85-bc3c-f0fb10ee9d0f">
    </TestResult>
    <TestResult executionId="defe54e0-2ea2-44dd-b7e4-7bc7134e104f" testId="14f36260-63c4-4038-8b02-22537d776770" testName="NotClosedOnClick" computerName="AGGEORGIEV" testType="c4241296-3c6e-46b1-bf92-e0bd3e0eb017" outcome="NotExecuted" testListId="8c84fa94-04c1-424b-9868-57a2d4851a1d" relativeResultsDirectory="defe54e0-2ea2-44dd-b7e4-7bc7134e104f">
    </TestResult>
  </Results>
</TestRun>