<?xml version="1.0" encoding="UTF-8"?>
<TestRun id="cee5c22a-64a6-4cae-9ea5-184bc8f55654" name="aggeorgiev@AGGEORGIEV 2011-08-10 09:47:31" runUser="TELERIK\aggeorgiev" xmlns="http://microsoft.com/schemas/VisualStudio/TeamTest/2010">
  <TestSettings name="Default Test Settings" id="16fb813a-ab4b-4d2a-b5ba-0f1ec9d8738e">
    <Deployment userDeploymentRoot="C:\work\GitHub\kendo\functional-tests\KendoDemosTests\TestResults" useDefaultDeploymentRoot="false" runDeploymentRoot="aggeorgiev_AGGEORGIEV 2011-08-10 09_47_31" />
    <Execution>
      <TestTypeSpecific />
      <AgentRule name="Execution Agents">
      </AgentRule>
    </Execution>
  </TestSettings>
  <Times creation="2011-08-10T09:47:31.8636361+03:00" queuing="2011-08-10T09:47:32.1318514+03:00" start="2011-08-10T09:47:32.1474520+03:00" finish="2011-08-10T09:47:48.8415949+03:00" />
  <ResultSummary outcome="Failed">
    <Counters total="1" executed="1" error="0" failed="1" timeout="0" aborted="0" inconclusive="0" passedButRunAborted="0" notRunnable="0" notExecuted="0" disconnected="0" warning="0" passed="0" completed="0" inProgress="0" pending="0" />
  </ResultSummary>
  <TestDefinitions>
    <WebAiiTest name="DisableEnable" storage="c:\work\github\kendo\functional-tests\kendodemostests\uiwidgets\menu\api\disableenable.tstest" priority="0" id="d6707a8e-ed75-4a21-809f-369a5e86aeaa" xmlns="http://artoftest.com/schemas/WebAiiDesignCanvas/1.0.0">
      <Description xmlns="http://microsoft.com/schemas/VisualStudio/TeamTest/2010">WebAii Testcase</Description>
      <DeploymentItems xmlns="http://microsoft.com/schemas/VisualStudio/TeamTest/2010">
        <DeploymentItem filename="..\..\..\bin\Debug\KendoDemosTests.dll" />
      </DeploymentItems>
      <Execution id="ebb50ecd-5cb9-439b-8b5f-de5d47e9f7e5" xmlns="http://microsoft.com/schemas/VisualStudio/TeamTest/2010" />
    </WebAiiTest>
  </TestDefinitions>
  <TestLists>
    <TestList name="Results Not in a List" id="8c84fa94-04c1-424b-9868-57a2d4851a1d" />
    <TestList name="All Loaded Results" id="19431567-8539-422a-85d7-44ee4e166bda" />
  </TestLists>
  <TestEntries>
    <TestEntry testId="d6707a8e-ed75-4a21-809f-369a5e86aeaa" executionId="ebb50ecd-5cb9-439b-8b5f-de5d47e9f7e5" testListId="8c84fa94-04c1-424b-9868-57a2d4851a1d" />
  </TestEntries>
  <Results>
    <WebAiiTestResult executionId="ebb50ecd-5cb9-439b-8b5f-de5d47e9f7e5" testId="d6707a8e-ed75-4a21-809f-369a5e86aeaa" testName="DisableEnable" computerName="AGGEORGIEV" duration="00:00:16.4288344" startTime="2011-08-10T09:47:32.1474520+03:00" endTime="2011-08-10T09:47:48.5763847+03:00" testType="c4241296-3c6e-46b1-bf92-e0bd3e0eb017" outcome="Failed" testListId="8c84fa94-04c1-424b-9868-57a2d4851a1d" relativeResultsDirectory="ebb50ecd-5cb9-439b-8b5f-de5d47e9f7e5" xmlns="http://artoftest.com/schemas/WebAiiDesignCanvas/1.0.0">
      <Output xmlns="http://microsoft.com/schemas/VisualStudio/TeamTest/2010">
        <ErrorInfo>
          <Message>Overall Result: Fail
------------------------------------------------------------
'8/10/2011 9:47:32 AM' - Starting execution....
------------------------------------------------------------
'8/10/2011 9:47:35 AM' - 'Pass' : 1. Navigate to : '/menu/api.html'
'8/10/2011 9:47:35 AM' - 'Pass' : 2. Set 'ToggleIndexText' text to '0'
'8/10/2011 9:47:36 AM' - 'Pass' : 3. Click 'EnableDisableButtonTag'
'8/10/2011 9:47:36 AM' - 'Pass' : 4. Verify attribute 'class' has 'Contains' value of 't-item t-first t-state-disabled' on 'ListItem'
'8/10/2011 9:47:36 AM' - 'Pass' : 5. Wait for '250' msec.
'8/10/2011 9:47:36 AM' - 'Pass' : 6. Click 'EnableDisableButtonTag'
'8/10/2011 9:47:47 AM' - 'Fail' : 7. Wait for attribute 'class' has 'Contains' value of 't-item t-first t-state-default' on 'ListItem'
------------------------------------------------------------
Failure Information: 
~~~~~~~~~~~~~~~
Attribute values do not match. Expected: 't-item t-first t-state-default'; actual: 't-item t-first t-state-disabled'.
------------------------------------------------------------
'8/10/2011 9:47:47 AM' - Detected a failure. Step is marked 'ContinueOnFailure=False' aborting test execution.
------------------------------------------------------------
'8/10/2011 9:47:47 AM' - Overall Result: Fail
'8/10/2011 9:47:47 AM' - Duration: [0 min: 12 sec: 871 msec]
------------------------------------------------------------
'8/10/2011 9:47:47 AM' - Test completed!
</Message>
        </ErrorInfo>
      </Output>
      <WebAiiTestResult Type="ArtOfTest.WebAii.Design.Execution.TestResult" Version="2011.1.729.0" xmlns="">
        <TestId Type="System.String">d6707a8e-ed75-4a21-809f-369a5e86aeaa</TestId>
        <TestName Type="System.String">DisableEnable</TestName>
        <TestPath Type="System.String">UIWidgets\Menu\API\DisableEnable.tstest</TestPath>
        <ProjectPath Type="System.String">
        </ProjectPath>
        <ResultType Type="ArtOfTest.Common.Design.ResultType">Fail</ResultType>
        <AutomationStepResults>
          <Item Type="ArtOfTest.WebAii.Design.AutomationStepResult" Version="2011.1.729.0">
            <ResultType Type="ArtOfTest.Common.Design.ResultType">Pass</ResultType>
            <StepDescription Type="System.String">Navigate to : '/menu/api.html'</StepDescription>
            <TestId Type="System.String">d6707a8e-ed75-4a21-809f-369a5e86aeaa</TestId>
            <TestName Type="System.String">DisableEnable</TestName>
            <TestPath Type="System.String">UIWidgets\Menu\API\DisableEnable.tstest</TestPath>
            <TestStepNumber Type="System.Int32">0</TestStepNumber>
            <Order Type="System.Int32">1</Order>
            <LogMessageOnError Type="System.String">
            </LogMessageOnError>
          </Item>
          <Item Type="ArtOfTest.WebAii.Design.AutomationStepResult" Version="2011.1.729.0">
            <ResultType Type="ArtOfTest.Common.Design.ResultType">Pass</ResultType>
            <StepDescription Type="System.String">Set 'ToggleIndexText' text to '0'</StepDescription>
            <TestId Type="System.String">d6707a8e-ed75-4a21-809f-369a5e86aeaa</TestId>
            <TestName Type="System.String">DisableEnable</TestName>
            <TestPath Type="System.String">UIWidgets\Menu\API\DisableEnable.tstest</TestPath>
            <TestStepNumber Type="System.Int32">1</TestStepNumber>
            <Order Type="System.Int32">2</Order>
            <LogMessageOnError Type="System.String">
            </LogMessageOnError>
          </Item>
          <Item Type="ArtOfTest.WebAii.Design.AutomationStepResult" Version="2011.1.729.0">
            <ResultType Type="ArtOfTest.Common.Design.ResultType">Pass</ResultType>
            <StepDescription Type="System.String">Click 'EnableDisableButtonTag'</StepDescription>
            <TestId Type="System.String">d6707a8e-ed75-4a21-809f-369a5e86aeaa</TestId>
            <TestName Type="System.String">DisableEnable</TestName>
            <TestPath Type="System.String">UIWidgets\Menu\API\DisableEnable.tstest</TestPath>
            <TestStepNumber Type="System.Int32">2</TestStepNumber>
            <Order Type="System.Int32">3</Order>
            <LogMessageOnError Type="System.String">
            </LogMessageOnError>
          </Item>
          <Item Type="ArtOfTest.WebAii.Design.AutomationStepResult" Version="2011.1.729.0">
            <ResultType Type="ArtOfTest.Common.Design.ResultType">Pass</ResultType>
            <StepDescription Type="System.String">Verify attribute 'class' has 'Contains' value of 't-item t-first t-state-disabled' on 'ListItem'</StepDescription>
            <TestId Type="System.String">d6707a8e-ed75-4a21-809f-369a5e86aeaa</TestId>
            <TestName Type="System.String">DisableEnable</TestName>
            <TestPath Type="System.String">UIWidgets\Menu\API\DisableEnable.tstest</TestPath>
            <TestStepNumber Type="System.Int32">3</TestStepNumber>
            <Order Type="System.Int32">4</Order>
            <LogMessageOnError Type="System.String">
            </LogMessageOnError>
          </Item>
          <Item Type="ArtOfTest.WebAii.Design.AutomationStepResult" Version="2011.1.729.0">
            <ResultType Type="ArtOfTest.Common.Design.ResultType">Pass</ResultType>
            <StepDescription Type="System.String">Wait for '250' msec.</StepDescription>
            <TestId Type="System.String">d6707a8e-ed75-4a21-809f-369a5e86aeaa</TestId>
            <TestName Type="System.String">DisableEnable</TestName>
            <TestPath Type="System.String">UIWidgets\Menu\API\DisableEnable.tstest</TestPath>
            <TestStepNumber Type="System.Int32">4</TestStepNumber>
            <Order Type="System.Int32">5</Order>
            <LogMessageOnError Type="System.String">
            </LogMessageOnError>
          </Item>
          <Item Type="ArtOfTest.WebAii.Design.AutomationStepResult" Version="2011.1.729.0">
            <ResultType Type="ArtOfTest.Common.Design.ResultType">Pass</ResultType>
            <StepDescription Type="System.String">Click 'EnableDisableButtonTag'</StepDescription>
            <TestId Type="System.String">d6707a8e-ed75-4a21-809f-369a5e86aeaa</TestId>
            <TestName Type="System.String">DisableEnable</TestName>
            <TestPath Type="System.String">UIWidgets\Menu\API\DisableEnable.tstest</TestPath>
            <TestStepNumber Type="System.Int32">5</TestStepNumber>
            <Order Type="System.Int32">6</Order>
            <LogMessageOnError Type="System.String">
            </LogMessageOnError>
          </Item>
          <Item Type="ArtOfTest.WebAii.Design.AutomationStepResult" Version="2011.1.729.0">
            <ResultType Type="ArtOfTest.Common.Design.ResultType">Fail</ResultType>
            <ExecutionException Type="ArtOfTest.Common.Design.Exceptions.VerificationWaitException" Version="2011.1.729.0">
              <HostState Type="ArtOfTest.WebAii.Design.AutomationHostState" Version="2011.1.729.0">
                <Mode Type="ArtOfTest.WebAii.Design.BrowserStateCaptureMode">DomAndImage</Mode>
                <TechType Type="ArtOfTest.Common.TechnologyType">Html</TechType>
                <FriendlyName Type="System.String">Capture Of 'Page (API)' @8/10/2011 9:47:47 AM</FriendlyName>
              </HostState>
              <ExceptionMessage Type="System.String">Attribute values do not match. Expected: 't-item t-first t-state-default'; actual: 't-item t-first t-state-disabled'.</ExceptionMessage>
              <VerificationResult Type="ArtOfTest.Common.Design.Extensibility.VerificationResult" Version="2011.1.729.0">
                <Result Type="System.Boolean">False</Result>
                <ErrorMessage Type="System.String">Attribute values do not match. Expected: 't-item t-first t-state-default'; actual: 't-item t-first t-state-disabled'.</ErrorMessage>
              </VerificationResult>
              <ValueStore Type="ArtOfTest.Common.Design.Extensibility.DescriptorValueStore" Version="2011.1.729.0">
                <ValueStore>
                  <Item Key="AttributeValue" Type="System.String">t-item t-first t-state-disabled</Item>
                </ValueStore>
              </ValueStore>
              <VerificationWaitResult Type="ArtOfTest.Common.Design.Extensibility.VerificationWaitResult" Version="2011.1.729.0">
                <WaitResult Type="ArtOfTest.Common.WaitResult" Version="2011.1.729.0">
                  <WaitResultType Type="ArtOfTest.Common.WaitResultType">TimedOut</WaitResultType>
                  <Error Type="System.String">Wait for condition timed out!</Error>
                </WaitResult>
                <VerificationResult Type="ArtOfTest.Common.Design.Extensibility.VerificationResult" Version="2011.1.729.0">
                  <Result Type="System.Boolean">False</Result>
                  <ErrorMessage Type="System.String">Attribute values do not match. Expected: 't-item t-first t-state-default'; actual: 't-item t-first t-state-disabled'.</ErrorMessage>
                </VerificationResult>
                <Result Type="System.Boolean">False</Result>
                <ErrorMessage Type="System.String">Wait for condition timed out!. Cause: Attribute values do not match. Expected: 't-item t-first t-state-default'; actual: 't-item t-first t-state-disabled'.</ErrorMessage>
                <ValueStore Type="ArtOfTest.Common.Design.Extensibility.DescriptorValueStore" Version="2011.1.729.0">
                  <ValueStore>
                    <Item Key="AttributeValue" Type="System.String">t-item t-first t-state-disabled</Item>
                  </ValueStore>
                </ValueStore>
              </VerificationWaitResult>
            </ExecutionException>
            <StepDescription Type="System.String">Wait for attribute 'class' has 'Contains' value of 't-item t-first t-state-default' on 'ListItem'</StepDescription>
            <TestId Type="System.String">d6707a8e-ed75-4a21-809f-369a5e86aeaa</TestId>
            <TestName Type="System.String">DisableEnable</TestName>
            <TestPath Type="System.String">UIWidgets\Menu\API\DisableEnable.tstest</TestPath>
            <TestStepNumber Type="System.Int32">6</TestStepNumber>
            <Order Type="System.Int32">7</Order>
            <LogMessageOnError Type="System.String">
            </LogMessageOnError>
          </Item>
        </AutomationStepResults>
        <NotRunStepDescriptions />
        <PerStepMessages Type="System.String">Overall Result: Fail
------------------------------------------------------------
'8/10/2011 9:47:32 AM' - Starting execution....
------------------------------------------------------------
'8/10/2011 9:47:35 AM' - 'Pass' : 1. Navigate to : '/menu/api.html'
'8/10/2011 9:47:35 AM' - 'Pass' : 2. Set 'ToggleIndexText' text to '0'
'8/10/2011 9:47:36 AM' - 'Pass' : 3. Click 'EnableDisableButtonTag'
'8/10/2011 9:47:36 AM' - 'Pass' : 4. Verify attribute 'class' has 'Contains' value of 't-item t-first t-state-disabled' on 'ListItem'
'8/10/2011 9:47:36 AM' - 'Pass' : 5. Wait for '250' msec.
'8/10/2011 9:47:36 AM' - 'Pass' : 6. Click 'EnableDisableButtonTag'
'8/10/2011 9:47:47 AM' - 'Fail' : 7. Wait for attribute 'class' has 'Contains' value of 't-item t-first t-state-default' on 'ListItem'
------------------------------------------------------------
Failure Information: 
~~~~~~~~~~~~~~~
Attribute values do not match. Expected: 't-item t-first t-state-default'; actual: 't-item t-first t-state-disabled'.
------------------------------------------------------------
'8/10/2011 9:47:47 AM' - Detected a failure. Step is marked 'ContinueOnFailure=False' aborting test execution.
------------------------------------------------------------
'8/10/2011 9:47:47 AM' - Overall Result: Fail
'8/10/2011 9:47:47 AM' - Duration: [0 min: 12 sec: 871 msec]
------------------------------------------------------------
'8/10/2011 9:47:47 AM' - Test completed!
</PerStepMessages>
        <TotalNumberOfPassedSteps Type="System.Int32">6</TotalNumberOfPassedSteps>
        <ExecutingTestStepCount Type="System.Int32">7</ExecutingTestStepCount>
        <TotalNumberOfNotRunSteps Type="System.Int32">0</TotalNumberOfNotRunSteps>
        <IsDataDrivenResult Type="System.Boolean">False</IsDataDrivenResult>
        <SeparatorLineCharCount Type="System.Int32">60</SeparatorLineCharCount>
        <ExecutionType Type="ArtOfTest.Common.Design.ExecutionType">QuickExecution</ExecutionType>
        <FailureException Type="ArtOfTest.Common.Design.Exceptions.VerificationWaitException" Version="2011.1.729.0">
          <HostState Type="ArtOfTest.WebAii.Design.AutomationHostState" Version="2011.1.729.0">
            <Mode Type="ArtOfTest.WebAii.Design.BrowserStateCaptureMode">DomAndImage</Mode>
            <TechType Type="ArtOfTest.Common.TechnologyType">Html</TechType>
            <FriendlyName Type="System.String">Capture Of 'Page (API)' @8/10/2011 9:47:47 AM</FriendlyName>
          </HostState>
          <ExceptionMessage Type="System.String">Attribute values do not match. Expected: 't-item t-first t-state-default'; actual: 't-item t-first t-state-disabled'.</ExceptionMessage>
          <VerificationResult Type="ArtOfTest.Common.Design.Extensibility.VerificationResult" Version="2011.1.729.0">
            <Result Type="System.Boolean">False</Result>
            <ErrorMessage Type="System.String">Attribute values do not match. Expected: 't-item t-first t-state-default'; actual: 't-item t-first t-state-disabled'.</ErrorMessage>
          </VerificationResult>
          <ValueStore Type="ArtOfTest.Common.Design.Extensibility.DescriptorValueStore" Version="2011.1.729.0">
            <ValueStore>
              <Item Key="AttributeValue" Type="System.String">t-item t-first t-state-disabled</Item>
            </ValueStore>
          </ValueStore>
          <VerificationWaitResult Type="ArtOfTest.Common.Design.Extensibility.VerificationWaitResult" Version="2011.1.729.0">
            <WaitResult Type="ArtOfTest.Common.WaitResult" Version="2011.1.729.0">
              <WaitResultType Type="ArtOfTest.Common.WaitResultType">TimedOut</WaitResultType>
              <Error Type="System.String">Wait for condition timed out!</Error>
            </WaitResult>
            <VerificationResult Type="ArtOfTest.Common.Design.Extensibility.VerificationResult" Version="2011.1.729.0">
              <Result Type="System.Boolean">False</Result>
              <ErrorMessage Type="System.String">Attribute values do not match. Expected: 't-item t-first t-state-default'; actual: 't-item t-first t-state-disabled'.</ErrorMessage>
            </VerificationResult>
            <Result Type="System.Boolean">False</Result>
            <ErrorMessage Type="System.String">Wait for condition timed out!. Cause: Attribute values do not match. Expected: 't-item t-first t-state-default'; actual: 't-item t-first t-state-disabled'.</ErrorMessage>
            <ValueStore Type="ArtOfTest.Common.Design.Extensibility.DescriptorValueStore" Version="2011.1.729.0">
              <ValueStore>
                <Item Key="AttributeValue" Type="System.String">t-item t-first t-state-disabled</Item>
              </ValueStore>
            </ValueStore>
          </VerificationWaitResult>
        </FailureException>
        <EndTime Type="System.DateTime">2011-08-10 06:47:47Z</EndTime>
        <StarTime Type="System.DateTime">2011-08-10 06:47:34Z</StarTime>
        <DataIterationResults />
      </WebAiiTestResult>
    </WebAiiTestResult>
  </Results>
</TestRun>