<?xml version="1.0" encoding="UTF-8"?>
<TestRun id="fa359128-9e71-4755-9414-b67ab1cdb3a2" name="aggeorgiev@AGGEORGIEV 2011-08-09 15:05:02" runUser="TELERIK\aggeorgiev" xmlns="http://microsoft.com/schemas/VisualStudio/TeamTest/2010">
  <TestSettings name="Default Test Settings" id="bd0076b8-1800-4c31-91e8-771a96167774">
    <Deployment userDeploymentRoot="C:\work\GitHub\kendo\functional-tests\KendoDemosTests\TestResults" useDefaultDeploymentRoot="false" runDeploymentRoot="aggeorgiev_AGGEORGIEV 2011-08-09 15_05_02" />
    <Execution>
      <TestTypeSpecific />
      <AgentRule name="Execution Agents">
      </AgentRule>
    </Execution>
  </TestSettings>
  <Times creation="2011-08-09T15:05:02.6691452+03:00" queuing="2011-08-09T15:05:02.8101593+03:00" start="2011-08-09T15:05:02.8211604+03:00" finish="2011-08-09T15:05:08.0146797+03:00" />
  <ResultSummary outcome="Completed">
    <Counters total="1" executed="1" passed="1" error="0" failed="0" timeout="0" aborted="0" inconclusive="0" passedButRunAborted="0" notRunnable="0" notExecuted="0" disconnected="0" warning="0" completed="0" inProgress="0" pending="0" />
  </ResultSummary>
  <TestDefinitions>
    <WebAiiTest name="SortFirstNameAndPage" storage="c:\work\github\kendo\functional-tests\kendodemostests\uiwidgets\grid\basicusage\sortfirstnameandpage.tstest" priority="0" id="1b641c32-14b2-4d44-b84a-7772389dbed8" xmlns="http://artoftest.com/schemas/WebAiiDesignCanvas/1.0.0">
      <Description xmlns="http://microsoft.com/schemas/VisualStudio/TeamTest/2010">WebAii Testcase</Description>
      <DeploymentItems xmlns="http://microsoft.com/schemas/VisualStudio/TeamTest/2010">
        <DeploymentItem filename="..\..\..\bin\Debug\KendoDemosTests.dll" />
      </DeploymentItems>
      <Execution id="977b7393-b17e-4d00-a4ea-4fcb91122d4a" xmlns="http://microsoft.com/schemas/VisualStudio/TeamTest/2010" />
    </WebAiiTest>
  </TestDefinitions>
  <TestLists>
    <TestList name="Results Not in a List" id="8c84fa94-04c1-424b-9868-57a2d4851a1d" />
    <TestList name="All Loaded Results" id="19431567-8539-422a-85d7-44ee4e166bda" />
  </TestLists>
  <TestEntries>
    <TestEntry testId="1b641c32-14b2-4d44-b84a-7772389dbed8" executionId="977b7393-b17e-4d00-a4ea-4fcb91122d4a" testListId="8c84fa94-04c1-424b-9868-57a2d4851a1d" />
  </TestEntries>
  <Results>
    <WebAiiTestResult executionId="977b7393-b17e-4d00-a4ea-4fcb91122d4a" testId="1b641c32-14b2-4d44-b84a-7772389dbed8" testName="SortFirstNameAndPage" computerName="AGGEORGIEV" duration="00:00:04.6428218" startTime="2011-08-09T15:05:02.8261609+03:00" endTime="2011-08-09T15:05:07.4686251+03:00" testType="c4241296-3c6e-46b1-bf92-e0bd3e0eb017" outcome="Passed" testListId="8c84fa94-04c1-424b-9868-57a2d4851a1d" relativeResultsDirectory="977b7393-b17e-4d00-a4ea-4fcb91122d4a" xmlns="http://artoftest.com/schemas/WebAiiDesignCanvas/1.0.0">
      <Output xmlns="http://microsoft.com/schemas/VisualStudio/TeamTest/2010">
        <ErrorInfo>
          <Message>Overall Result: Pass
------------------------------------------------------------
'8/9/2011 3:05:02 PM' - Starting execution....
------------------------------------------------------------
'8/9/2011 3:05:04 PM' - 'Pass' : 1. Navigate to : '/grid/index.html'
'8/9/2011 3:05:05 PM' - 'Pass' : 2. Click 'FirstNameLink'
'8/9/2011 3:05:05 PM' - 'Pass' : 3. Verify 'TextContent' 'Contains' 'Andrew' on 'AndrewTableCell'
'8/9/2011 3:05:05 PM' - 'Pass' : 4. Click 'x3Link'
'8/9/2011 3:05:05 PM' - 'Pass' : 5. Wait for '250' msec.
'8/9/2011 3:05:06 PM' - 'Pass' : 6. Click 'x5Link'
'8/9/2011 3:05:06 PM' - 'Pass' : 7. Verify 'TextContent' 'Contains' 'Robert' on 'RobertTableCell'
------------------------------------------------------------
'8/9/2011 3:05:06 PM' - Overall Result: Pass
'8/9/2011 3:05:06 PM' - Duration: [0 min: 1 sec: 994 msec]
------------------------------------------------------------
'8/9/2011 3:05:06 PM' - Test completed!
</Message>
        </ErrorInfo>
      </Output>
      <WebAiiTestResult Type="ArtOfTest.WebAii.Design.Execution.TestResult" Version="2011.1.729.0" xmlns="">
        <TestId Type="System.String">1b641c32-14b2-4d44-b84a-7772389dbed8</TestId>
        <TestName Type="System.String">SortFirstNameAndPage</TestName>
        <TestPath Type="System.String">UIWidgets\Grid\BasicUsage\SortFirstNameAndPage.tstest</TestPath>
        <ProjectPath Type="System.String">
        </ProjectPath>
        <ResultType Type="ArtOfTest.Common.Design.ResultType">Pass</ResultType>
        <AutomationStepResults>
          <Item Type="ArtOfTest.WebAii.Design.AutomationStepResult" Version="2011.1.729.0">
            <ResultType Type="ArtOfTest.Common.Design.ResultType">Pass</ResultType>
            <StepDescription Type="System.String">Navigate to : '/grid/index.html'</StepDescription>
            <TestId Type="System.String">1b641c32-14b2-4d44-b84a-7772389dbed8</TestId>
            <TestName Type="System.String">SortFirstNameAndPage</TestName>
            <TestPath Type="System.String">UIWidgets\Grid\BasicUsage\SortFirstNameAndPage.tstest</TestPath>
            <TestStepNumber Type="System.Int32">0</TestStepNumber>
            <Order Type="System.Int32">1</Order>
            <LogMessageOnError Type="System.String">
            </LogMessageOnError>
          </Item>
          <Item Type="ArtOfTest.WebAii.Design.AutomationStepResult" Version="2011.1.729.0">
            <ResultType Type="ArtOfTest.Common.Design.ResultType">Pass</ResultType>
            <StepDescription Type="System.String">Click 'FirstNameLink'</StepDescription>
            <TestId Type="System.String">1b641c32-14b2-4d44-b84a-7772389dbed8</TestId>
            <TestName Type="System.String">SortFirstNameAndPage</TestName>
            <TestPath Type="System.String">UIWidgets\Grid\BasicUsage\SortFirstNameAndPage.tstest</TestPath>
            <TestStepNumber Type="System.Int32">1</TestStepNumber>
            <Order Type="System.Int32">2</Order>
            <LogMessageOnError Type="System.String">
            </LogMessageOnError>
          </Item>
          <Item Type="ArtOfTest.WebAii.Design.AutomationStepResult" Version="2011.1.729.0">
            <ResultType Type="ArtOfTest.Common.Design.ResultType">Pass</ResultType>
            <StepDescription Type="System.String">Verify 'TextContent' 'Contains' 'Andrew' on 'AndrewTableCell'</StepDescription>
            <TestId Type="System.String">1b641c32-14b2-4d44-b84a-7772389dbed8</TestId>
            <TestName Type="System.String">SortFirstNameAndPage</TestName>
            <TestPath Type="System.String">UIWidgets\Grid\BasicUsage\SortFirstNameAndPage.tstest</TestPath>
            <TestStepNumber Type="System.Int32">2</TestStepNumber>
            <Order Type="System.Int32">3</Order>
            <LogMessageOnError Type="System.String">
            </LogMessageOnError>
          </Item>
          <Item Type="ArtOfTest.WebAii.Design.AutomationStepResult" Version="2011.1.729.0">
            <ResultType Type="ArtOfTest.Common.Design.ResultType">Pass</ResultType>
            <StepDescription Type="System.String">Click 'x3Link'</StepDescription>
            <TestId Type="System.String">1b641c32-14b2-4d44-b84a-7772389dbed8</TestId>
            <TestName Type="System.String">SortFirstNameAndPage</TestName>
            <TestPath Type="System.String">UIWidgets\Grid\BasicUsage\SortFirstNameAndPage.tstest</TestPath>
            <TestStepNumber Type="System.Int32">3</TestStepNumber>
            <Order Type="System.Int32">4</Order>
            <LogMessageOnError Type="System.String">
            </LogMessageOnError>
          </Item>
          <Item Type="ArtOfTest.WebAii.Design.AutomationStepResult" Version="2011.1.729.0">
            <ResultType Type="ArtOfTest.Common.Design.ResultType">Pass</ResultType>
            <StepDescription Type="System.String">Wait for '250' msec.</StepDescription>
            <TestId Type="System.String">1b641c32-14b2-4d44-b84a-7772389dbed8</TestId>
            <TestName Type="System.String">SortFirstNameAndPage</TestName>
            <TestPath Type="System.String">UIWidgets\Grid\BasicUsage\SortFirstNameAndPage.tstest</TestPath>
            <TestStepNumber Type="System.Int32">4</TestStepNumber>
            <Order Type="System.Int32">5</Order>
            <LogMessageOnError Type="System.String">
            </LogMessageOnError>
          </Item>
          <Item Type="ArtOfTest.WebAii.Design.AutomationStepResult" Version="2011.1.729.0">
            <ResultType Type="ArtOfTest.Common.Design.ResultType">Pass</ResultType>
            <StepDescription Type="System.String">Click 'x5Link'</StepDescription>
            <TestId Type="System.String">1b641c32-14b2-4d44-b84a-7772389dbed8</TestId>
            <TestName Type="System.String">SortFirstNameAndPage</TestName>
            <TestPath Type="System.String">UIWidgets\Grid\BasicUsage\SortFirstNameAndPage.tstest</TestPath>
            <TestStepNumber Type="System.Int32">5</TestStepNumber>
            <Order Type="System.Int32">6</Order>
            <LogMessageOnError Type="System.String">
            </LogMessageOnError>
          </Item>
          <Item Type="ArtOfTest.WebAii.Design.AutomationStepResult" Version="2011.1.729.0">
            <ResultType Type="ArtOfTest.Common.Design.ResultType">Pass</ResultType>
            <StepDescription Type="System.String">Verify 'TextContent' 'Contains' 'Robert' on 'RobertTableCell'</StepDescription>
            <TestId Type="System.String">1b641c32-14b2-4d44-b84a-7772389dbed8</TestId>
            <TestName Type="System.String">SortFirstNameAndPage</TestName>
            <TestPath Type="System.String">UIWidgets\Grid\BasicUsage\SortFirstNameAndPage.tstest</TestPath>
            <TestStepNumber Type="System.Int32">6</TestStepNumber>
            <Order Type="System.Int32">7</Order>
            <LogMessageOnError Type="System.String">
            </LogMessageOnError>
          </Item>
        </AutomationStepResults>
        <NotRunStepDescriptions />
        <PerStepMessages Type="System.String">Overall Result: Pass
------------------------------------------------------------
'8/9/2011 3:05:02 PM' - Starting execution....
------------------------------------------------------------
'8/9/2011 3:05:04 PM' - 'Pass' : 1. Navigate to : '/grid/index.html'
'8/9/2011 3:05:05 PM' - 'Pass' : 2. Click 'FirstNameLink'
'8/9/2011 3:05:05 PM' - 'Pass' : 3. Verify 'TextContent' 'Contains' 'Andrew' on 'AndrewTableCell'
'8/9/2011 3:05:05 PM' - 'Pass' : 4. Click 'x3Link'
'8/9/2011 3:05:05 PM' - 'Pass' : 5. Wait for '250' msec.
'8/9/2011 3:05:06 PM' - 'Pass' : 6. Click 'x5Link'
'8/9/2011 3:05:06 PM' - 'Pass' : 7. Verify 'TextContent' 'Contains' 'Robert' on 'RobertTableCell'
------------------------------------------------------------
'8/9/2011 3:05:06 PM' - Overall Result: Pass
'8/9/2011 3:05:06 PM' - Duration: [0 min: 1 sec: 994 msec]
------------------------------------------------------------
'8/9/2011 3:05:06 PM' - Test completed!
</PerStepMessages>
        <TotalNumberOfPassedSteps Type="System.Int32">7</TotalNumberOfPassedSteps>
        <ExecutingTestStepCount Type="System.Int32">7</ExecutingTestStepCount>
        <TotalNumberOfNotRunSteps Type="System.Int32">0</TotalNumberOfNotRunSteps>
        <IsDataDrivenResult Type="System.Boolean">False</IsDataDrivenResult>
        <SeparatorLineCharCount Type="System.Int32">60</SeparatorLineCharCount>
        <ExecutionType Type="ArtOfTest.Common.Design.ExecutionType">QuickExecution</ExecutionType>
        <EndTime Type="System.DateTime">2011-08-09 12:05:06Z</EndTime>
        <StarTime Type="System.DateTime">2011-08-09 12:05:04Z</StarTime>
        <DataIterationResults />
      </WebAiiTestResult>
    </WebAiiTestResult>
  </Results>
</TestRun>